--------- beginning of system
02-24 07:15:29.362   214   570 E NetlinkEvent: NetlinkEvent::FindParam(): Parameter 'UID' not found
02-24 07:15:29.375   214   570 E NetlinkEvent: NetlinkEvent::FindParam(): Parameter 'UID' not found
02-24 07:19:15.325   214   570 E NetlinkEvent: NetlinkEvent::FindParam(): Parameter 'UID' not found
02-24 07:24:40.337   214   570 E NetlinkEvent: NetlinkEvent::FindParam(): Parameter 'UID' not found
02-24 07:24:40.359   214   570 E NetlinkEvent: NetlinkEvent::FindParam(): Parameter 'UID' not found
02-24 07:24:40.512   214   570 E NetlinkEvent: NetlinkEvent::FindParam(): Parameter 'UID' not found
02-24 07:25:20.335   214   570 E NetlinkEvent: NetlinkEvent::FindParam(): Parameter 'UID' not found
02-24 07:25:20.506   214   570 E NetlinkEvent: NetlinkEvent::FindParam(): Parameter 'UID' not found
02-24 07:29:15.331   214   570 E NetlinkEvent: NetlinkEvent::FindParam(): Parameter 'UID' not found
02-24 07:33:52.341   214   570 E NetlinkEvent: NetlinkEvent::FindParam(): Parameter 'UID' not found
02-24 07:33:52.346   588   613 I chatty  : uid=1000(system) batterystats-sy expire 10 lines
02-24 07:33:52.362   214   570 E NetlinkEvent: NetlinkEvent::FindParam(): Parameter 'UID' not found
02-24 07:33:52.435   214   570 E NetlinkEvent: NetlinkEvent::FindParam(): Parameter 'UID' not found
02-24 07:39:15.333   214   570 E NetlinkEvent: NetlinkEvent::FindParam(): Parameter 'UID' not found
02-24 07:43:04.344   214   570 E NetlinkEvent: NetlinkEvent::FindParam(): Parameter 'UID' not found
02-24 07:43:04.375   214   570 E NetlinkEvent: NetlinkEvent::FindParam(): Parameter 'UID' not found
02-24 07:43:04.482   214   570 E NetlinkEvent: NetlinkEvent::FindParam(): Parameter 'UID' not found
02-24 07:49:15.340   214   570 E NetlinkEvent: NetlinkEvent::FindParam(): Parameter 'UID' not found
02-24 07:52:16.347   214   570 E NetlinkEvent: NetlinkEvent::FindParam(): Parameter 'UID' not found
02-24 07:52:16.377   214   570 E NetlinkEvent: NetlinkEvent::FindParam(): Parameter 'UID' not found
02-24 07:52:16.393   214   570 E NetlinkEvent: NetlinkEvent::FindParam(): Parameter 'UID' not found
02-24 07:59:15.342   214   570 E NetlinkEvent: NetlinkEvent::FindParam(): Parameter 'UID' not found
02-24 07:59:15.347   588   613 I chatty  : uid=1000(system) batterystats-sy expire 10 lines
02-24 08:01:27.351   214   570 E NetlinkEvent: NetlinkEvent::FindParam(): Parameter 'UID' not found
02-24 08:01:27.371   214   570 E NetlinkEvent: NetlinkEvent::FindParam(): Parameter 'UID' not found
02-24 08:01:27.444   214   570 E NetlinkEvent: NetlinkEvent::FindParam(): Parameter 'UID' not found
02-24 08:09:15.347   214   570 E NetlinkEvent: NetlinkEvent::FindParam(): Parameter 'UID' not found
02-24 08:10:39.382   214   570 E NetlinkEvent: NetlinkEvent::FindParam(): Parameter 'UID' not found
02-24 08:19:15.347   214   570 E NetlinkEvent: NetlinkEvent::FindParam(): Parameter 'UID' not found
02-24 08:19:51.357   214   570 E NetlinkEvent: NetlinkEvent::FindParam(): Parameter 'UID' not found
02-24 08:19:51.362   588   613 I chatty  : uid=1000(system) batterystats-sy expire 10 lines
02-24 08:19:51.378   214   570 E NetlinkEvent: NetlinkEvent::FindParam(): Parameter 'UID' not found
02-24 08:19:51.432   214   570 E NetlinkEvent: NetlinkEvent::FindParam(): Parameter 'UID' not found
02-24 08:25:21.361   214   570 E NetlinkEvent: NetlinkEvent::FindParam(): Parameter 'UID' not found
02-24 08:25:21.530   214   570 E NetlinkEvent: NetlinkEvent::FindParam(): Parameter 'UID' not found
02-24 08:29:02.371   214   570 E NetlinkEvent: NetlinkEvent::FindParam(): Parameter 'UID' not found
02-24 08:29:02.401   214   570 E NetlinkEvent: NetlinkEvent::FindParam(): Parameter 'UID' not found
02-24 08:38:13.384   214   570 E NetlinkEvent: NetlinkEvent::FindParam(): Parameter 'UID' not found
02-24 08:38:13.480   214   570 E NetlinkEvent: NetlinkEvent::FindParam(): Parameter 'UID' not found
02-24 08:39:15.354   214   570 E NetlinkEvent: NetlinkEvent::FindParam(): Parameter 'UID' not found
02-24 08:47:25.367   214   570 E NetlinkEvent: NetlinkEvent::FindParam(): Parameter 'UID' not found
02-24 08:47:25.372   588   613 I chatty  : uid=1000(system) batterystats-sy expire 13 lines
02-24 08:47:25.390   214   570 E NetlinkEvent: NetlinkEvent::FindParam(): Parameter 'UID' not found
02-24 08:47:25.539   214   570 E NetlinkEvent: NetlinkEvent::FindParam(): Parameter 'UID' not found
02-24 08:49:15.358   214   570 E NetlinkEvent: NetlinkEvent::FindParam(): Parameter 'UID' not found
02-24 08:57:06.983   214   570 E NetlinkEvent: NetlinkEvent::FindParam(): Parameter 'UID' not found
02-24 08:57:07.019   214   570 E NetlinkEvent: NetlinkEvent::FindParam(): Parameter 'UID' not found
02-24 08:57:07.069   214   570 E NetlinkEvent: NetlinkEvent::FindParam(): Parameter 'UID' not found
02-24 08:59:15.361   214   570 E NetlinkEvent: NetlinkEvent::FindParam(): Parameter 'UID' not found
02-24 09:07:39.518   214   570 E NetlinkEvent: NetlinkEvent::FindParam(): Parameter 'UID' not found
02-24 09:07:39.554   214   570 E NetlinkEvent: NetlinkEvent::FindParam(): Parameter 'UID' not found
02-24 09:07:39.568   214   570 E NetlinkEvent: NetlinkEvent::FindParam(): Parameter 'UID' not found
02-24 09:09:15.369   214   570 E NetlinkEvent: NetlinkEvent::FindParam(): Parameter 'UID' not found
02-24 09:19:41.410   214   570 E NetlinkEvent: NetlinkEvent::FindParam(): Parameter 'UID' not found
02-24 09:19:41.439   214   570 E NetlinkEvent: NetlinkEvent::FindParam(): Parameter 'UID' not found
02-24 09:19:41.445   588   613 I chatty  : uid=1000(system) batterystats-sy expire 10 lines
02-24 09:19:41.523   214   570 E NetlinkEvent: NetlinkEvent::FindParam(): Parameter 'UID' not found
02-24 09:25:22.378   214   570 E NetlinkEvent: NetlinkEvent::FindParam(): Parameter 'UID' not found
02-24 09:25:22.552   214   570 E NetlinkEvent: NetlinkEvent::FindParam(): Parameter 'UID' not found
02-24 09:29:15.374   214   570 E NetlinkEvent: NetlinkEvent::FindParam(): Parameter 'UID' not found
02-24 09:31:43.382   214   570 E NetlinkEvent: NetlinkEvent::FindParam(): Parameter 'UID' not found
02-24 09:31:43.402   214   570 E NetlinkEvent: NetlinkEvent::FindParam(): Parameter 'UID' not found
02-24 09:31:43.450   214   570 E NetlinkEvent: NetlinkEvent::FindParam(): Parameter 'UID' not found
02-24 09:39:15.376   214   570 E NetlinkEvent: NetlinkEvent::FindParam(): Parameter 'UID' not found
02-24 09:43:44.387   214   570 E NetlinkEvent: NetlinkEvent::FindParam(): Parameter 'UID' not found
02-24 09:43:44.408   214   570 E NetlinkEvent: NetlinkEvent::FindParam(): Parameter 'UID' not found
02-24 09:43:44.456   214   570 E NetlinkEvent: NetlinkEvent::FindParam(): Parameter 'UID' not found
02-24 09:43:44.508   588   613 I chatty  : uid=1000(system) batterystats-sy expire 12 lines
02-24 09:49:15.379   214   570 E NetlinkEvent: NetlinkEvent::FindParam(): Parameter 'UID' not found
02-24 09:55:45.392   214   570 E NetlinkEvent: NetlinkEvent::FindParam(): Parameter 'UID' not found
02-24 09:55:45.414   214   570 E NetlinkEvent: NetlinkEvent::FindParam(): Parameter 'UID' not found
02-24 09:55:45.464   214   570 E NetlinkEvent: NetlinkEvent::FindParam(): Parameter 'UID' not found
02-24 09:59:15.383   214   570 E NetlinkEvent: NetlinkEvent::FindParam(): Parameter 'UID' not found
02-24 10:00:01.383   588   588 I chatty  : uid=1000 system_server expire 4 lines
02-24 10:07:46.401   214   570 E NetlinkEvent: NetlinkEvent::FindParam(): Parameter 'UID' not found
02-24 10:07:46.427   214   570 E NetlinkEvent: NetlinkEvent::FindParam(): Parameter 'UID' not found
02-24 10:07:46.472   214   570 E NetlinkEvent: NetlinkEvent::FindParam(): Parameter 'UID' not found
02-24 10:09:15.388   214   570 E NetlinkEvent: NetlinkEvent::FindParam(): Parameter 'UID' not found
02-24 10:19:47.400   214   570 E NetlinkEvent: NetlinkEvent::FindParam(): Parameter 'UID' not found
02-24 10:19:47.405   588   613 I chatty  : uid=1000(system) batterystats-sy expire 10 lines
02-24 10:19:47.423   214   570 E NetlinkEvent: NetlinkEvent::FindParam(): Parameter 'UID' not found
02-24 10:19:47.483   214   570 E NetlinkEvent: NetlinkEvent::FindParam(): Parameter 'UID' not found
02-24 10:25:23.402   214   570 E NetlinkEvent: NetlinkEvent::FindParam(): Parameter 'UID' not found
02-24 10:25:23.551   214   570 E NetlinkEvent: NetlinkEvent::FindParam(): Parameter 'UID' not found
02-24 10:29:15.395   214   570 E NetlinkEvent: NetlinkEvent::FindParam(): Parameter 'UID' not found
02-24 10:31:49.404   214   570 E NetlinkEvent: NetlinkEvent::FindParam(): Parameter 'UID' not found
02-24 10:31:49.425   214   570 E NetlinkEvent: NetlinkEvent::FindParam(): Parameter 'UID' not found
02-24 10:31:49.511   214   570 E NetlinkEvent: NetlinkEvent::FindParam(): Parameter 'UID' not found
02-24 10:34:16.013   588   756 I chatty  : uid=1000(system) InputReader expire 5 lines
02-24 10:34:16.041   214   570 E NetlinkEvent: NetlinkEvent::FindParam(): Parameter 'UID' not found
02-24 10:34:16.103   588   619 I chatty  : uid=1000(system) PowerManagerSer expire 6 lines
02-24 10:34:16.131   588   617 I chatty  : uid=1000(system) android.display expire 1 line
02-24 10:34:16.335  1124  1124 V DreamService[AmbientDream]: wakeUp(): fromSystem=true, mWaking=false, mFinished=false
02-24 10:34:16.335  1124  1124 V DreamService[AmbientDream]: finish(): mFinished=false
02-24 10:34:16.336   588   926 I chatty  : uid=1000(system) Binder:588_3 expire 1 line
02-24 10:34:16.336   588   615 I chatty  : uid=1000(system) android.fg expire 2 lines
02-24 10:34:16.367  1124  1124 V DreamService[AmbientDream]: detach(): Calling onDreamingStopped()
02-24 10:34:16.403   214   570 E NetlinkEvent: NetlinkEvent::FindParam(): Parameter 'UID' not found
02-24 10:34:16.412  1124  1124 V DreamService[AmbientDream]: onDestroy()
02-24 10:34:16.469   588   613 I chatty  : uid=1000(system) batterystats-sy expire 1 line
02-24 10:34:22.125   588  1250 I chatty  : uid=1000(system) Binder:588_A expire 1 line
02-24 10:34:25.288   588   896 I chatty  : uid=1000(system) LazyTaskWriterT expire 4 lines
02-24 10:34:43.220   588  1729 I chatty  : uid=1000(system) Binder:588_D expire 1 line
02-24 10:34:43.503   980   980 I chatty  : uid=1000(system) com.google.android.apps.wearable.settings expire 10 lines
02-24 10:34:47.681   588   985 I chatty  : uid=1000(system) Binder:588_4 expire 5 lines
02-24 10:34:48.882   588  3168 I chatty  : uid=1000(system) Binder:588_10 expire 6 lines
02-24 10:34:58.646   588   872 I chatty  : uid=1000(system) ConnectivitySer expire 15 lines
02-24 10:35:02.049   588  1242 I chatty  : uid=1000(system) Binder:588_8 expire 5 lines
02-24 10:35:06.320   588  1732 I chatty  : uid=1000(system) Binder:588_F expire 10 lines
02-24 10:35:16.734   588   754 I chatty  : uid=1000(system) AlarmManager expire 1 line
02-24 10:35:46.226  1124  1124 V DreamService[AmbientDream]: onBind() intent = Intent { act=android.service.dreams.DreamService flg=0x800000 cmp=com.google.android.wearable.ambient/.AmbientDream }
02-24 10:35:46.234   588  1730 I chatty  : uid=1000(system) Binder:588_E expire 7 lines
02-24 10:35:46.266  1124  1124 V DreamService[AmbientDream]: Calling onDreamingStarted()
02-24 10:35:46.336   588   617 I chatty  : uid=1000(system) android.display expire 10 lines
02-24 10:35:46.638   588   756 I chatty  : uid=1000(system) InputReader expire 10 lines
02-24 10:35:46.710   588   619 I chatty  : uid=1000(system) PowerManagerSer expire 14 lines
02-24 10:35:46.711  1124  1124 V DreamService[AmbientDream]: wakeUp(): fromSystem=true, mWaking=false, mFinished=false
02-24 10:35:46.711  1124  1124 V DreamService[AmbientDream]: finish(): mFinished=false
02-24 10:35:46.712   588  1093 I chatty  : uid=1000(system) Binder:588_5 expire 6 lines
02-24 10:35:46.712   588   615 I chatty  : uid=1000(system) android.fg expire 12 lines
02-24 10:35:46.730  1124  1124 V DreamService[AmbientDream]: detach(): Calling onDreamingStopped()
02-24 10:35:46.775  1124  1124 V DreamService[AmbientDream]: onDestroy()
02-24 10:35:50.054   588   896 I chatty  : uid=1000(system) LazyTaskWriterT expire 12 lines
02-24 10:36:08.390   588   613 I chatty  : uid=1000(system) batterystats-sy expire 10 lines
02-24 10:36:16.735  1124  1124 V DreamService[AmbientDream]: onBind() intent = Intent { act=android.service.dreams.DreamService flg=0x800000 cmp=com.google.android.wearable.ambient/.AmbientDream }
02-24 10:36:16.780  1124  1124 V DreamService[AmbientDream]: Calling onDreamingStarted()
02-24 10:37:01.416   214   570 E NetlinkEvent: NetlinkEvent::FindParam(): Parameter 'UID' not found
02-24 10:37:01.570   588   617 I chatty  : uid=1000(system) android.display expire 12 lines
02-24 10:38:10.213   588   883 I chatty  : uid=1000(system) UEventObserver expire 4 lines
02-24 10:38:10.280   588   588 I chatty  : uid=1000 system_server expire 10 lines
02-24 10:38:10.300  1124  1124 V DreamService[AmbientDream]: wakeUp(): fromSystem=true, mWaking=false, mFinished=false
02-24 10:38:10.300  1124  1124 V DreamService[AmbientDream]: finish(): mFinished=false
02-24 10:38:10.300   588  1249 I chatty  : uid=1000(system) Binder:588_9 expire 6 lines
02-24 10:38:10.306  1124  1124 V DreamService[AmbientDream]: detach(): Calling onDreamingStopped()
02-24 10:38:10.324  1124  1124 V DreamService[AmbientDream]: onDestroy()
02-24 10:38:10.538   588   999 I chatty  : uid=1000(system) uteStateMachine expire 8 lines
02-24 10:38:11.321   588   609 I chatty  : uid=1000(system) android.bg expire 5 lines
02-24 10:38:11.768   214   570 E NetlinkEvent: NetlinkEvent::FindParam(): Parameter 'UID' not found
02-24 10:38:14.681   588  5763 I chatty  : uid=1000(system) UsbDebuggingMan expire 4 lines
02-24 10:38:23.161   588   607 I chatty  : uid=1000(system) Binder:588_1 expire 4 lines
02-24 10:38:53.002  1124  1124 V DreamService[AmbientDream]: onBind() intent = Intent { act=android.service.dreams.DreamService flg=0x800000 cmp=com.google.android.wearable.ambient/.AmbientDream }
02-24 10:38:53.010  1124  1124 V DreamService[AmbientDream]: Calling onDreamingStarted()
02-24 10:39:06.127   214   570 E NetlinkEvent: NetlinkEvent::FindParam(): Parameter 'UID' not found
02-24 10:39:06.397   588   610 I chatty  : uid=1000(system) ActivityManager expire 14 lines
02-24 10:39:06.886   588   622 I chatty  : uid=1000(system) PackageManager expire 12 lines
02-24 10:39:07.906  1124  1124 V DreamService[AmbientDream]: wakeUp(): fromSystem=true, mWaking=false, mFinished=false
02-24 10:39:07.906  1124  1124 V DreamService[AmbientDream]: finish(): mFinished=false
02-24 10:39:07.963  1124  1124 V DreamService[AmbientDream]: detach(): Calling onDreamingStopped()
02-24 10:39:07.987  1124  1124 V DreamService[AmbientDream]: onDestroy()
02-24 10:39:08.534  7818  7818 W ContextImpl: Calling a method in the system process without a qualified user: android.app.ContextImpl.startService:1357 android.content.ContextWrapper.startService:613 android.content.ContextWrapper.startService:613 com.android.keychain.KeyChainBroadcastReceiver.onReceive:12 android.app.ActivityThread.handleReceiver:3040 
02-24 10:39:08.567   588  1728 I chatty  : uid=1000(system) Binder:588_C expire 10 lines
02-24 10:39:09.215   214   570 E NetlinkEvent: NetlinkEvent::FindParam(): Parameter 'UID' not found
02-24 10:39:09.969   588  3825 I chatty  : uid=1000(system) Binder:588_12 expire 3 lines
02-24 10:39:12.627   588  3268 I chatty  : uid=1000(system) Binder:588_11 expire 4 lines
02-24 10:39:13.993   588  4061 I chatty  : uid=1000(system) Binder:588_13 expire 6 lines
02-24 10:39:29.358   588   613 I chatty  : uid=1000(system) batterystats-sy expire 12 lines
02-24 10:39:56.360  1124  1124 V DreamService[AmbientDream]: onBind() intent = Intent { act=android.service.dreams.DreamService flg=0x800000 cmp=com.google.android.wearable.ambient/.AmbientDream }
02-24 10:39:56.366  1124  1124 V DreamService[AmbientDream]: Calling onDreamingStarted()
02-24 10:40:05.180   588   617 I chatty  : uid=1000(system) android.display expire 14 lines
02-24 10:40:05.194   588   619 I chatty  : uid=1000(system) PowerManagerSer expire 11 lines
02-24 10:40:05.194  1124  1124 V DreamService[AmbientDream]: wakeUp(): fromSystem=true, mWaking=false, mFinished=false
02-24 10:40:05.195  1124  1124 V DreamService[AmbientDream]: finish(): mFinished=false
02-24 10:40:05.195   588  1250 I chatty  : uid=1000(system) Binder:588_A expire 7 lines
02-24 10:40:05.219  1124  1124 V DreamService[AmbientDream]: detach(): Calling onDreamingStopped()
02-24 10:40:05.248  1124  1124 V DreamService[AmbientDream]: onDestroy()
02-24 10:41:07.439   588  1222 I chatty  : uid=1000(system) Binder:588_6 expire 2 lines
02-24 10:41:42.102  1124  1124 V DreamService[AmbientDream]: onBind() intent = Intent { act=android.service.dreams.DreamService flg=0x800000 cmp=com.google.android.wearable.ambient/.AmbientDream }
02-24 10:41:42.134  1124  1124 V DreamService[AmbientDream]: Calling onDreamingStarted()
02-24 10:41:56.608   214   570 E NetlinkEvent: NetlinkEvent::FindParam(): Parameter 'UID' not found
02-24 10:42:02.634  1124  1124 V DreamService[AmbientDream]: wakeUp(): fromSystem=true, mWaking=false, mFinished=false
02-24 10:42:02.634  1124  1124 V DreamService[AmbientDream]: finish(): mFinished=false
02-24 10:42:02.710  1124  1124 V DreamService[AmbientDream]: onDestroy()
02-24 10:42:02.710  1124  1124 V DreamService[AmbientDream]: detach(): Calling onDreamingStopped()
02-24 10:42:04.629   214   570 E NetlinkEvent: NetlinkEvent::FindParam(): Parameter 'UID' not found
02-24 10:42:32.640  1124  1124 V DreamService[AmbientDream]: onBind() intent = Intent { act=android.service.dreams.DreamService flg=0x800000 cmp=com.google.android.wearable.ambient/.AmbientDream }
02-24 10:42:32.648   588  4063 I chatty  : uid=1000(system) Binder:588_14 expire 3 lines
02-24 10:42:32.679  1124  1124 V DreamService[AmbientDream]: Calling onDreamingStarted()
02-24 10:42:47.608   214   570 E NetlinkEvent: NetlinkEvent::FindParam(): Parameter 'UID' not found
02-24 10:42:59.412   588   617 I chatty  : uid=1000(system) android.display expire 13 lines
02-24 10:43:13.853   214   570 E NetlinkEvent: NetlinkEvent::FindParam(): Parameter 'UID' not found
02-24 10:43:44.128   214   570 E NetlinkEvent: NetlinkEvent::FindParam(): Parameter 'UID' not found
02-24 10:43:49.765   214   570 E NetlinkEvent: NetlinkEvent::FindParam(): Parameter 'UID' not found
02-24 10:44:10.808   214   570 E NetlinkEvent: NetlinkEvent::FindParam(): Parameter 'UID' not found
02-24 10:44:13.739   214   570 E NetlinkEvent: NetlinkEvent::FindParam(): Parameter 'UID' not found
02-24 10:44:43.888   214   570 E NetlinkEvent: NetlinkEvent::FindParam(): Parameter 'UID' not found
02-24 10:46:23.734  1124  1124 V DreamService[AmbientDream]: wakeUp(): fromSystem=true, mWaking=false, mFinished=false
02-24 10:46:23.734  1124  1124 V DreamService[AmbientDream]: finish(): mFinished=false
02-24 10:46:23.739  1124  1124 V DreamService[AmbientDream]: detach(): Calling onDreamingStopped()
02-24 10:46:23.785  1124  1124 V DreamService[AmbientDream]: onDestroy()
02-24 10:46:24.625   214   570 E NetlinkEvent: NetlinkEvent::FindParam(): Parameter 'UID' not found
02-24 10:46:30.580   588  1240 I chatty  : uid=1000(system) Binder:588_7 expire 5 lines
02-24 10:46:49.569   588   615 I chatty  : uid=1000(system) android.fg expire 15 lines
02-24 10:46:54.274   588   896 I chatty  : uid=1000(system) LazyTaskWriterT expire 13 lines
02-24 10:47:22.527   588   756 I chatty  : uid=1000(system) InputReader expire 11 lines
02-24 10:47:32.524   588   619 I chatty  : uid=1000(system) PowerManagerSer expire 14 lines
02-24 10:47:32.558  1124  1124 V DreamService[AmbientDream]: onBind() intent = Intent { act=android.service.dreams.DreamService flg=0x800000 cmp=com.google.android.wearable.ambient/.AmbientDream }
02-24 10:47:32.561  1124  1124 V DreamService[AmbientDream]: Calling onDreamingStarted()
02-24 10:47:32.609   588   617 I chatty  : uid=1000(system) android.display expire 12 lines
02-24 10:47:34.601   588   613 I chatty  : uid=1000(system) batterystats-sy expire 12 lines
02-24 10:49:42.867  1124  1124 V DreamService[AmbientDream]: wakeUp(): fromSystem=true, mWaking=false, mFinished=false
02-24 10:49:42.867  1124  1124 V DreamService[AmbientDream]: finish(): mFinished=false
02-24 10:49:42.879  1124  1124 V DreamService[AmbientDream]: detach(): Calling onDreamingStopped()
02-24 10:49:42.936  1124  1124 V DreamService[AmbientDream]: onDestroy()
02-24 10:49:49.357  1124  1124 V DreamService[AmbientDream]: onBind() intent = Intent { act=android.service.dreams.DreamService flg=0x800000 cmp=com.google.android.wearable.ambient/.AmbientDream }
02-24 10:49:49.362  1124  1124 V DreamService[AmbientDream]: Calling onDreamingStarted()
02-24 10:49:49.387   588   617 I chatty  : uid=1000(system) android.display expire 54 lines
02-24 10:58:11.204  1124  1124 V DreamService[AmbientDream]: wakeUp(): fromSystem=true, mWaking=false, mFinished=false
02-24 10:58:11.204  1124  1124 V DreamService[AmbientDream]: finish(): mFinished=false
02-24 10:58:11.223  1124  1124 V DreamService[AmbientDream]: detach(): Calling onDreamingStopped()
02-24 10:58:11.270  1124  1124 V DreamService[AmbientDream]: onDestroy()
02-24 10:58:17.738  1124  1124 V DreamService[AmbientDream]: onBind() intent = Intent { act=android.service.dreams.DreamService flg=0x800000 cmp=com.google.android.wearable.ambient/.AmbientDream }
02-24 10:58:17.741  1124  1124 V DreamService[AmbientDream]: Calling onDreamingStarted()
02-24 10:58:34.908  7818  7818 W ContextImpl: Calling a method in the system process without a qualified user: android.app.ContextImpl.startService:1357 android.content.ContextWrapper.startService:613 android.content.ContextWrapper.startService:613 com.android.keychain.KeyChainBroadcastReceiver.onReceive:12 android.app.ActivityThread.handleReceiver:3040 
02-24 10:58:43.989   588   617 I chatty  : uid=1000(system) android.display expire 1010 lines
02-24 11:00:24.630   588   619 I chatty  : uid=1000(system) PowerManagerSer expire 16 lines
02-24 11:00:24.631  1124  1124 V DreamService[AmbientDream]: wakeUp(): fromSystem=true, mWaking=false, mFinished=false
02-24 11:00:24.631  1124  1124 V DreamService[AmbientDream]: finish(): mFinished=false
02-24 11:00:24.635  1124  1124 V DreamService[AmbientDream]: detach(): Calling onDreamingStopped()
02-24 11:00:24.664  1124  1124 V DreamService[AmbientDream]: onDestroy()
02-24 11:00:24.667   588   613 I chatty  : uid=1000(system) batterystats-sy expire 12 lines
02-24 11:00:31.795  1124  1124 V DreamService[AmbientDream]: onBind() intent = Intent { act=android.service.dreams.DreamService flg=0x800000 cmp=com.google.android.wearable.ambient/.AmbientDream }
02-24 11:00:31.820  1124  1124 V DreamService[AmbientDream]: onDestroy()
02-24 11:01:02.365   588   615 I chatty  : uid=1000(system) android.fg expire 10 lines
02-24 11:01:02.400  1124  1124 V DreamService[AmbientDream]: onBind() intent = Intent { act=android.service.dreams.DreamService flg=0x800000 cmp=com.google.android.wearable.ambient/.AmbientDream }
02-24 11:01:02.403  1124  1124 V DreamService[AmbientDream]: Calling onDreamingStarted()
02-24 11:01:02.420   588   617 I chatty  : uid=1000(system) android.display expire 19 lines
02-24 11:01:16.728   214   570 E NetlinkEvent: NetlinkEvent::FindParam(): Parameter 'UID' not found
02-24 11:01:37.041  1124  1124 V DreamService[AmbientDream]: wakeUp(): fromSystem=true, mWaking=false, mFinished=false
02-24 11:01:37.041  1124  1124 V DreamService[AmbientDream]: finish(): mFinished=false
02-24 11:01:37.046  1124  1124 V DreamService[AmbientDream]: detach(): Calling onDreamingStopped()
02-24 11:01:37.084  1124  1124 V DreamService[AmbientDream]: onDestroy()
02-24 11:01:37.577  1124  1124 V DreamService[AmbientDream]: onBind() intent = Intent { act=android.service.dreams.DreamService flg=0x800000 cmp=com.google.android.wearable.ambient/.AmbientDream }
02-24 11:01:37.634   588   926 I chatty  : uid=1000(system) Binder:588_3 expire 4 lines
02-24 11:01:37.758  1124  1124 W AmbientService: Stopping while not ambient. Ignoring.
02-24 11:01:37.789  1124  1124 V DreamService[AmbientDream]: onDestroy()
02-24 11:01:41.014   214   570 E NetlinkEvent: NetlinkEvent::FindParam(): Parameter 'UID' not found
02-24 11:01:42.587  1124  1124 V DreamService[AmbientDream]: onBind() intent = Intent { act=android.service.dreams.DreamService flg=0x800000 cmp=com.google.android.wearable.ambient/.AmbientDream }
02-24 11:01:42.589  1124  1124 V DreamService[AmbientDream]: Calling onDreamingStarted()
02-24 11:01:46.457  1124  1124 V DreamService[AmbientDream]: wakeUp(): fromSystem=true, mWaking=false, mFinished=false
02-24 11:01:46.457  1124  1124 V DreamService[AmbientDream]: finish(): mFinished=false
02-24 11:01:46.458   588   615 I chatty  : uid=1000(system) android.fg expire 14 lines
02-24 11:01:46.462  1124  1124 V DreamService[AmbientDream]: detach(): Calling onDreamingStopped()
02-24 11:01:46.478  1124  1124 V DreamService[AmbientDream]: onDestroy()
02-24 11:02:24.729   980   980 I chatty  : uid=1000(system) com.google.android.apps.wearable.settings expire 5 lines
02-24 11:02:47.004  7818  7818 W ContextImpl: Calling a method in the system process without a qualified user: android.app.ContextImpl.startService:1357 android.content.ContextWrapper.startService:613 android.content.ContextWrapper.startService:613 com.android.keychain.KeyChainBroadcastReceiver.onReceive:12 android.app.ActivityThread.handleReceiver:3040 
02-24 11:02:49.990   588   756 I chatty  : uid=1000(system) InputReader expire 15 lines
02-24 11:03:02.232   588  1251 I chatty  : uid=1000(system) Binder:588_B expire 2 lines
02-24 11:03:23.462   588   613 I chatty  : uid=1000(system) batterystats-sy expire 18 lines
02-24 11:03:50.679   588   619 I chatty  : uid=1000(system) PowerManagerSer expire 14 lines
02-24 11:03:50.734  1124  1124 V DreamService[AmbientDream]: onBind() intent = Intent { act=android.service.dreams.DreamService flg=0x800000 cmp=com.google.android.wearable.ambient/.AmbientDream }
02-24 11:03:50.737  1124  1124 V DreamService[AmbientDream]: Calling onDreamingStarted()
02-24 11:03:52.960  1124  1124 V DreamService[AmbientDream]: wakeUp(): fromSystem=true, mWaking=false, mFinished=false
02-24 11:03:52.961  1124  1124 V DreamService[AmbientDream]: finish(): mFinished=false
02-24 11:03:52.973  1124  1124 V DreamService[AmbientDream]: detach(): Calling onDreamingStopped()
02-24 11:03:53.015  1124  1124 V DreamService[AmbientDream]: onDestroy()
02-24 11:03:57.871  1124  1124 V DreamService[AmbientDream]: onBind() intent = Intent { act=android.service.dreams.DreamService flg=0x800000 cmp=com.google.android.wearable.ambient/.AmbientDream }
02-24 11:03:57.875  1124  1124 V DreamService[AmbientDream]: Calling onDreamingStarted()
02-24 11:04:20.437   214   570 E NetlinkEvent: NetlinkEvent::FindParam(): Parameter 'UID' not found
02-24 11:05:01.880   214   570 E NetlinkEvent: NetlinkEvent::FindParam(): Parameter 'UID' not found
02-24 11:06:01.428   214   570 E NetlinkEvent: NetlinkEvent::FindParam(): Parameter 'UID' not found
02-24 11:07:51.560   214   570 E NetlinkEvent: NetlinkEvent::FindParam(): Parameter 'UID' not found
02-24 11:08:00.442   588   617 I chatty  : uid=1000(system) android.display expire 22 lines
02-24 11:08:59.438   214   570 E NetlinkEvent: NetlinkEvent::FindParam(): Parameter 'UID' not found
02-24 11:19:01.430   588   617 I chatty  : uid=1000(system) android.display expire 14 lines
02-24 11:19:53.451   214   570 E NetlinkEvent: NetlinkEvent::FindParam(): Parameter 'UID' not found
02-24 11:20:54.433   214   570 E NetlinkEvent: NetlinkEvent::FindParam(): Parameter 'UID' not found
02-24 11:25:24.723   214   570 E NetlinkEvent: NetlinkEvent::FindParam(): Parameter 'UID' not found
02-24 11:26:00.441   214   570 E NetlinkEvent: NetlinkEvent::FindParam(): Parameter 'UID' not found
02-24 11:26:00.512   588   617 I chatty  : uid=1000(system) android.display expire 12 lines
02-24 11:31:55.433   214   570 E NetlinkEvent: NetlinkEvent::FindParam(): Parameter 'UID' not found
02-24 11:31:55.460   214   570 E NetlinkEvent: NetlinkEvent::FindParam(): Parameter 'UID' not found
02-24 11:31:55.498   214   570 E NetlinkEvent: NetlinkEvent::FindParam(): Parameter 'UID' not found
02-24 11:32:00.452   588   617 I chatty  : uid=1000(system) android.display expire 22 lines
02-24 11:33:01.448   214   570 E NetlinkEvent: NetlinkEvent::FindParam(): Parameter 'UID' not found
02-24 11:33:01.453   588   613 I chatty  : uid=1000(system) batterystats-sy expire 10 lines
02-24 11:42:11.946   588   588 I chatty  : uid=1000 system_server expire 4 lines
02-24 11:42:12.009   214   570 E NetlinkEvent: NetlinkEvent::FindParam(): Parameter 'UID' not found
02-24 11:42:12.134   588   617 I chatty  : uid=1000(system) android.display expire 20 lines
02-24 11:43:56.445   214   570 E NetlinkEvent: NetlinkEvent::FindParam(): Parameter 'UID' not found
02-24 11:43:56.478   214   570 E NetlinkEvent: NetlinkEvent::FindParam(): Parameter 'UID' not found
02-24 11:51:38.423   214   570 E NetlinkEvent: NetlinkEvent::FindParam(): Parameter 'UID' not found
02-24 11:55:57.434   214   570 E NetlinkEvent: NetlinkEvent::FindParam(): Parameter 'UID' not found
02-24 11:55:57.463   214   570 E NetlinkEvent: NetlinkEvent::FindParam(): Parameter 'UID' not found
02-24 11:55:57.588   214   570 E NetlinkEvent: NetlinkEvent::FindParam(): Parameter 'UID' not found
02-24 12:01:38.428   214   570 E NetlinkEvent: NetlinkEvent::FindParam(): Parameter 'UID' not found
02-24 12:07:59.439   214   570 E NetlinkEvent: NetlinkEvent::FindParam(): Parameter 'UID' not found
02-24 12:07:59.468   214   570 E NetlinkEvent: NetlinkEvent::FindParam(): Parameter 'UID' not found
02-24 12:07:59.495   214   570 E NetlinkEvent: NetlinkEvent::FindParam(): Parameter 'UID' not found
02-24 12:07:59.520   588   613 I chatty  : uid=1000(system) batterystats-sy expire 10 lines
02-24 12:11:38.430   214   570 E NetlinkEvent: NetlinkEvent::FindParam(): Parameter 'UID' not found
02-24 12:20:00.447   214   570 E NetlinkEvent: NetlinkEvent::FindParam(): Parameter 'UID' not found
02-24 12:20:00.478   214   570 E NetlinkEvent: NetlinkEvent::FindParam(): Parameter 'UID' not found
02-24 12:20:00.488   214   570 E NetlinkEvent: NetlinkEvent::FindParam(): Parameter 'UID' not found
02-24 12:21:38.434   214   570 E NetlinkEvent: NetlinkEvent::FindParam(): Parameter 'UID' not found
02-24 12:25:26.599   214   570 E NetlinkEvent: NetlinkEvent::FindParam(): Parameter 'UID' not found
02-24 12:31:37.438   214   570 E NetlinkEvent: NetlinkEvent::FindParam(): Parameter 'UID' not found
02-24 12:32:01.448   214   570 E NetlinkEvent: NetlinkEvent::FindParam(): Parameter 'UID' not found
02-24 12:32:01.469   214   570 E NetlinkEvent: NetlinkEvent::FindParam(): Parameter 'UID' not found
02-24 12:32:01.500   214   570 E NetlinkEvent: NetlinkEvent::FindParam(): Parameter 'UID' not found
02-24 12:32:01.533   588   613 I chatty  : uid=1000(system) batterystats-sy expire 10 lines
02-24 12:34:39.474   214   570 E NetlinkEvent: NetlinkEvent::FindParam(): Parameter 'UID' not found
02-24 12:34:39.859   214   570 E NetlinkEvent: NetlinkEvent::FindParam(): Parameter 'UID' not found
02-24 12:34:40.250   588   866 I chatty  : uid=1000(system) NetworkPolicy expire 1 line
02-24 12:34:48.189   588   610 I chatty  : uid=1000(system) ActivityManager expire 3 lines
02-24 12:38:46.526   214   570 E NetlinkEvent: NetlinkEvent::FindParam(): Parameter 'UID' not found
02-24 12:38:47.035   214   570 E NetlinkEvent: NetlinkEvent::FindParam(): Parameter 'UID' not found
02-24 12:41:38.441   214   570 E NetlinkEvent: NetlinkEvent::FindParam(): Parameter 'UID' not found
02-24 12:44:02.469   214   570 E NetlinkEvent: NetlinkEvent::FindParam(): Parameter 'UID' not found
02-24 12:51:37.450   214   570 E NetlinkEvent: NetlinkEvent::FindParam(): Parameter 'UID' not found
02-24 12:56:03.456   214   570 E NetlinkEvent: NetlinkEvent::FindParam(): Parameter 'UID' not found
02-24 12:56:03.486   214   570 E NetlinkEvent: NetlinkEvent::FindParam(): Parameter 'UID' not found
02-24 12:56:03.538   214   570 E NetlinkEvent: NetlinkEvent::FindParam(): Parameter 'UID' not found
02-24 13:01:38.449   214   570 E NetlinkEvent: NetlinkEvent::FindParam(): Parameter 'UID' not found
02-24 13:01:38.454   588   613 I chatty  : uid=1000(system) batterystats-sy expire 10 lines
02-24 13:08:05.460   214   570 E NetlinkEvent: NetlinkEvent::FindParam(): Parameter 'UID' not found
02-24 13:08:05.490   214   570 E NetlinkEvent: NetlinkEvent::FindParam(): Parameter 'UID' not found
02-24 13:08:05.722   214   570 E NetlinkEvent: NetlinkEvent::FindParam(): Parameter 'UID' not found
02-24 13:11:37.451   214   570 E NetlinkEvent: NetlinkEvent::FindParam(): Parameter 'UID' not found
02-24 13:20:07.467   214   570 E NetlinkEvent: NetlinkEvent::FindParam(): Parameter 'UID' not found
02-24 13:20:07.494   214   570 E NetlinkEvent: NetlinkEvent::FindParam(): Parameter 'UID' not found
02-24 13:20:09.619   214   570 E NetlinkEvent: NetlinkEvent::FindParam(): Parameter 'UID' not found
02-24 13:21:37.455   214   570 E NetlinkEvent: NetlinkEvent::FindParam(): Parameter 'UID' not found
02-24 13:21:37.460   588   613 I chatty  : uid=1000(system) batterystats-sy expire 10 lines
02-24 13:25:28.767   214   570 E NetlinkEvent: NetlinkEvent::FindParam(): Parameter 'UID' not found
02-24 13:31:37.460   214   570 E NetlinkEvent: NetlinkEvent::FindParam(): Parameter 'UID' not found
02-24 13:32:11.471   214   570 E NetlinkEvent: NetlinkEvent::FindParam(): Parameter 'UID' not found
02-24 13:32:11.493   214   570 E NetlinkEvent: NetlinkEvent::FindParam(): Parameter 'UID' not found
02-24 13:32:11.653   214   570 E NetlinkEvent: NetlinkEvent::FindParam(): Parameter 'UID' not found
02-24 13:41:37.464   214   570 E NetlinkEvent: NetlinkEvent::FindParam(): Parameter 'UID' not found
02-24 13:44:13.473   214   570 E NetlinkEvent: NetlinkEvent::FindParam(): Parameter 'UID' not found
02-24 13:44:13.502   214   570 E NetlinkEvent: NetlinkEvent::FindParam(): Parameter 'UID' not found
02-24 13:44:13.554   214   570 E NetlinkEvent: NetlinkEvent::FindParam(): Parameter 'UID' not found
02-24 13:51:38.466   214   570 E NetlinkEvent: NetlinkEvent::FindParam(): Parameter 'UID' not found
02-24 13:51:38.471   588   613 I chatty  : uid=1000(system) batterystats-sy expire 11 lines
02-24 13:54:13.722   214   570 E NetlinkEvent: NetlinkEvent::FindParam(): Parameter 'UID' not found
02-24 13:54:13.820  1124  1124 V DreamService[AmbientDream]: wakeUp(): fromSystem=true, mWaking=false, mFinished=false
02-24 13:54:13.820  1124  1124 V DreamService[AmbientDream]: finish(): mFinished=false
02-24 13:54:13.829  1124  1124 V DreamService[AmbientDream]: detach(): Calling onDreamingStopped()
02-24 13:54:13.863   588   608 I chatty  : uid=1000(system) Binder:588_2 expire 4 lines
02-24 13:54:13.868  1124  1124 V DreamService[AmbientDream]: onDestroy()
02-24 13:54:18.223  1124  1124 V DreamService[AmbientDream]: onBind() intent = Intent { act=android.service.dreams.DreamService flg=0x800000 cmp=com.google.android.wearable.ambient/.AmbientDream }
02-24 13:54:18.231  1124  1124 V DreamService[AmbientDream]: Calling onDreamingStarted()
02-24 13:54:20.663   588   619 I chatty  : uid=1000(system) PowerManagerSer expire 10 lines
02-24 13:54:20.664  1124  1124 V DreamService[AmbientDream]: wakeUp(): fromSystem=true, mWaking=false, mFinished=false
02-24 13:54:20.664  1124  1124 V DreamService[AmbientDream]: finish(): mFinished=false
02-24 13:54:20.676  1124  1124 V DreamService[AmbientDream]: detach(): Calling onDreamingStopped()
02-24 13:54:20.700  1124  1124 V DreamService[AmbientDream]: onDestroy()
02-24 13:54:25.644  1124  1124 V DreamService[AmbientDream]: onBind() intent = Intent { act=android.service.dreams.DreamService flg=0x800000 cmp=com.google.android.wearable.ambient/.AmbientDream }
02-24 13:54:25.653  1124  1124 V DreamService[AmbientDream]: Calling onDreamingStarted()
02-24 13:55:00.484   214   570 E NetlinkEvent: NetlinkEvent::FindParam(): Parameter 'UID' not found
02-24 13:56:02.407   214   570 E NetlinkEvent: NetlinkEvent::FindParam(): Parameter 'UID' not found
02-24 13:57:01.485   214   570 E NetlinkEvent: NetlinkEvent::FindParam(): Parameter 'UID' not found
02-24 13:57:01.542   588   617 I chatty  : uid=1000(system) android.display expire 11 lines
02-24 13:58:23.249   214   570 E NetlinkEvent: NetlinkEvent::FindParam(): Parameter 'UID' not found
02-24 13:58:23.275   214   570 E NetlinkEvent: NetlinkEvent::FindParam(): Parameter 'UID' not found
02-24 13:58:23.280   214   570 E NetlinkEvent: NetlinkEvent::FindParam(): Parameter 'UID' not found
02-24 13:58:31.021  1124  1124 V DreamService[AmbientDream]: wakeUp(): fromSystem=true, mWaking=false, mFinished=false
02-24 13:58:31.021  1124  1124 V DreamService[AmbientDream]: finish(): mFinished=false
02-24 13:58:31.025  1124  1124 V DreamService[AmbientDream]: detach(): Calling onDreamingStopped()
02-24 13:58:31.040  1124  1124 V DreamService[AmbientDream]: onDestroy()
02-24 13:58:32.709  1124  1124 V DreamService[AmbientDream]: onBind() intent = Intent { act=android.service.dreams.DreamService flg=0x800000 cmp=com.google.android.wearable.ambient/.AmbientDream }
02-24 13:58:32.712  1124  1124 V DreamService[AmbientDream]: Calling onDreamingStarted()
02-24 13:59:00.488   214   570 E NetlinkEvent: NetlinkEvent::FindParam(): Parameter 'UID' not found
02-24 14:00:11.850  1124  1124 V DreamService[AmbientDream]: wakeUp(): fromSystem=true, mWaking=false, mFinished=false
02-24 14:00:11.850  1124  1124 V DreamService[AmbientDream]: finish(): mFinished=false
02-24 14:00:11.850   588  1729 I chatty  : uid=1000(system) Binder:588_D expire 3 lines
02-24 14:00:11.857  1124  1124 V DreamService[AmbientDream]: detach(): Calling onDreamingStopped()
02-24 14:00:11.881  1124  1124 V DreamService[AmbientDream]: onDestroy()
02-24 14:00:13.332  1124  1124 V DreamService[AmbientDream]: onBind() intent = Intent { act=android.service.dreams.DreamService flg=0x800000 cmp=com.google.android.wearable.ambient/.AmbientDream }
02-24 14:00:13.336  1124  1124 V DreamService[AmbientDream]: Calling onDreamingStarted()
02-24 14:00:13.630   588   617 I chatty  : uid=1000(system) android.display expire 16 lines
02-24 14:00:25.613   588   869 I chatty  : uid=1000(system) WifiStateMachin expire 4 lines
02-24 14:00:45.207   588   613 I chatty  : uid=1000(system) batterystats-sy expire 44 lines
02-24 14:01:37.306   588   619 I chatty  : uid=1000(system) PowerManagerSer expire 14 lines
02-24 14:01:37.307  1124  1124 V DreamService[AmbientDream]: wakeUp(): fromSystem=true, mWaking=false, mFinished=false
02-24 14:01:37.307  1124  1124 V DreamService[AmbientDream]: finish(): mFinished=false
02-24 14:01:37.309   588   615 I chatty  : uid=1000(system) android.fg expire 12 lines
02-24 14:01:37.318  1124  1124 V DreamService[AmbientDream]: detach(): Calling onDreamingStopped()
02-24 14:01:37.333  1124  1124 V DreamService[AmbientDream]: onDestroy()
02-24 14:01:38.432  1124  1124 V DreamService[AmbientDream]: onBind() intent = Intent { act=android.service.dreams.DreamService flg=0x800000 cmp=com.google.android.wearable.ambient/.AmbientDream }
02-24 14:01:38.447  1124  1124 V DreamService[AmbientDream]: Calling onDreamingStarted()
02-24 14:01:38.730   588   617 I chatty  : uid=1000(system) android.display expire 30 lines
02-24 14:03:03.480   588   872 I chatty  : uid=1000(system) ConnectivitySer expire 25 lines
02-24 14:06:18.956  1124  1124 V DreamService[AmbientDream]: wakeUp(): fromSystem=true, mWaking=false, mFinished=false
02-24 14:06:18.956  1124  1124 V DreamService[AmbientDream]: finish(): mFinished=false
02-24 14:06:18.959  1124  1124 V DreamService[AmbientDream]: detach(): Calling onDreamingStopped()
02-24 14:06:19.037  1124  1124 V DreamService[AmbientDream]: onDestroy()
02-24 14:06:20.145  1124  1124 V DreamService[AmbientDream]: onBind() intent = Intent { act=android.service.dreams.DreamService flg=0x800000 cmp=com.google.android.wearable.ambient/.AmbientDream }
02-24 14:06:20.151  1124  1124 V DreamService[AmbientDream]: Calling onDreamingStarted()
02-24 14:06:20.449   588   617 I chatty  : uid=1000(system) android.display expire 16 lines
02-24 14:13:01.484  1124  1124 V DreamService[AmbientDream]: wakeUp(): fromSystem=true, mWaking=false, mFinished=false
02-24 14:13:01.484  1124  1124 V DreamService[AmbientDream]: finish(): mFinished=false
02-24 14:13:01.493  1124  1124 V DreamService[AmbientDream]: detach(): Calling onDreamingStopped()
02-24 14:13:01.645  1124  1124 V DreamService[AmbientDream]: onDestroy()
02-24 14:13:03.898  1124  1124 V DreamService[AmbientDream]: onBind() intent = Intent { act=android.service.dreams.DreamService flg=0x800000 cmp=com.google.android.wearable.ambient/.AmbientDream }
02-24 14:13:03.902  1124  1124 V DreamService[AmbientDream]: Calling onDreamingStarted()
02-24 14:13:04.201   588   617 I chatty  : uid=1000(system) android.display expire 32 lines
02-24 14:28:13.366  1124  1124 V DreamService[AmbientDream]: wakeUp(): fromSystem=true, mWaking=false, mFinished=false
02-24 14:28:13.366  1124  1124 V DreamService[AmbientDream]: finish(): mFinished=false
02-24 14:28:13.376  1124  1124 V DreamService[AmbientDream]: detach(): Calling onDreamingStopped()
02-24 14:28:13.404  1124  1124 V DreamService[AmbientDream]: onDestroy()
02-24 14:28:18.268  1124  1124 V DreamService[AmbientDream]: onBind() intent = Intent { act=android.service.dreams.DreamService flg=0x800000 cmp=com.google.android.wearable.ambient/.AmbientDream }
02-24 14:28:18.273  1124  1124 V DreamService[AmbientDream]: Calling onDreamingStarted()
02-24 14:28:18.345   588   617 I chatty  : uid=1000(system) android.display expire 21 lines
02-24 14:28:19.655  1124  1124 V DreamService[AmbientDream]: wakeUp(): fromSystem=true, mWaking=false, mFinished=false
02-24 14:28:19.655  1124  1124 V DreamService[AmbientDream]: finish(): mFinished=false
02-24 14:28:19.659  1124  1124 V DreamService[AmbientDream]: detach(): Calling onDreamingStopped()
02-24 14:28:19.684  1124  1124 V DreamService[AmbientDream]: onDestroy()
02-24 14:28:50.008   588   896 I chatty  : uid=1000(system) LazyTaskWriterT expire 9 lines
02-24 14:50:19.240   588   756 I chatty  : uid=1000(system) InputReader expire 9 lines
02-24 14:50:29.240   588   619 I chatty  : uid=1000(system) PowerManagerSer expire 17 lines
02-24 14:50:29.271  1124  1124 V DreamService[AmbientDream]: onBind() intent = Intent { act=android.service.dreams.DreamService flg=0x800000 cmp=com.google.android.wearable.ambient/.AmbientDream }
02-24 14:50:29.274  1124  1124 V DreamService[AmbientDream]: Calling onDreamingStarted()
02-24 14:52:37.920  1124  1124 V DreamService[AmbientDream]: wakeUp(): fromSystem=true, mWaking=false, mFinished=false
02-24 14:52:37.920  1124  1124 V DreamService[AmbientDream]: finish(): mFinished=false
02-24 14:52:37.925  1124  1124 V DreamService[AmbientDream]: detach(): Calling onDreamingStopped()
02-24 14:52:37.997  1124  1124 V DreamService[AmbientDream]: onDestroy()
02-24 14:52:41.330   588  1728 I chatty  : uid=1000(system) Binder:588_C expire 2 lines
02-24 14:52:41.367  1124  1124 V DreamService[AmbientDream]: onBind() intent = Intent { act=android.service.dreams.DreamService flg=0x800000 cmp=com.google.android.wearable.ambient/.AmbientDream }
02-24 14:52:41.370  1124  1124 V DreamService[AmbientDream]: Calling onDreamingStarted()
02-24 14:56:01.577   588   613 I chatty  : uid=1000(system) batterystats-sy expire 8 lines
02-24 14:58:01.524   588   617 I chatty  : uid=1000(system) android.display expire 17 lines
02-24 15:05:43.685  1124  1124 V DreamService[AmbientDream]: wakeUp(): fromSystem=true, mWaking=false, mFinished=false
02-24 15:05:43.685  1124  1124 V DreamService[AmbientDream]: finish(): mFinished=false
02-24 15:05:43.687   588   615 I chatty  : uid=1000(system) android.fg expire 13 lines
02-24 15:05:43.694  1124  1124 V DreamService[AmbientDream]: detach(): Calling onDreamingStopped()
02-24 15:05:43.707  1124  1124 V DreamService[AmbientDream]: onDestroy()
02-24 15:05:44.395  1124  1124 V DreamService[AmbientDream]: onBind() intent = Intent { act=android.service.dreams.DreamService flg=0x800000 cmp=com.google.android.wearable.ambient/.AmbientDream }
02-24 15:05:44.400  1124  1124 V DreamService[AmbientDream]: Calling onDreamingStarted()
02-24 15:05:44.568   588   617 I chatty  : uid=1000(system) android.display expire 10 lines
02-24 15:06:01.797  1124  1124 V DreamService[AmbientDream]: wakeUp(): fromSystem=true, mWaking=false, mFinished=false
02-24 15:06:01.797  1124  1124 V DreamService[AmbientDream]: finish(): mFinished=false
02-24 15:06:01.808  1124  1124 V DreamService[AmbientDream]: detach(): Calling onDreamingStopped()
02-24 15:06:01.825  1124  1124 V DreamService[AmbientDream]: onDestroy()
02-24 15:06:06.714  1124  1124 V DreamService[AmbientDream]: onBind() intent = Intent { act=android.service.dreams.DreamService flg=0x800000 cmp=com.google.android.wearable.ambient/.AmbientDream }
02-24 15:06:06.718  1124  1124 V DreamService[AmbientDream]: Calling onDreamingStarted()
02-24 15:06:39.376  1124  1124 V DreamService[AmbientDream]: wakeUp(): fromSystem=true, mWaking=false, mFinished=false
02-24 15:06:39.376  1124  1124 V DreamService[AmbientDream]: finish(): mFinished=false
02-24 15:06:39.384  1124  1124 V DreamService[AmbientDream]: detach(): Calling onDreamingStopped()
02-24 15:06:39.399  1124  1124 V DreamService[AmbientDream]: onDestroy()
02-24 15:07:25.089  1124  1124 V DreamService[AmbientDream]: onBind() intent = Intent { act=android.service.dreams.DreamService flg=0x800000 cmp=com.google.android.wearable.ambient/.AmbientDream }
02-24 15:07:25.112  1124  1124 V DreamService[AmbientDream]: Calling onDreamingStarted()
02-24 15:07:46.556   588   619 I chatty  : uid=1000(system) PowerManagerSer expire 12 lines
02-24 15:07:46.558  1124  1124 V DreamService[AmbientDream]: wakeUp(): fromSystem=true, mWaking=false, mFinished=false
02-24 15:07:46.558  1124  1124 V DreamService[AmbientDream]: finish(): mFinished=false
02-24 15:07:46.558   588  1732 I chatty  : uid=1000(system) Binder:588_F expire 1 line
02-24 15:07:46.562   588   617 I chatty  : uid=1000(system) android.display expire 13 lines
02-24 15:07:46.575  1124  1124 V DreamService[AmbientDream]: detach(): Calling onDreamingStopped()
02-24 15:07:46.820  1124  1124 V DreamService[AmbientDream]: onDestroy()
02-24 15:08:16.482  1124  1124 V DreamService[AmbientDream]: onBind() intent = Intent { act=android.service.dreams.DreamService flg=0x800000 cmp=com.google.android.wearable.ambient/.AmbientDream }
02-24 15:08:16.507  1124  1124 V DreamService[AmbientDream]: Calling onDreamingStarted()
02-24 15:09:44.063  1124  1124 V DreamService[AmbientDream]: wakeUp(): fromSystem=true, mWaking=false, mFinished=false
02-24 15:09:44.063  1124  1124 V DreamService[AmbientDream]: finish(): mFinished=false
02-24 15:09:44.065  1124  1124 V DreamService[AmbientDream]: detach(): Calling onDreamingStopped()
02-24 15:09:44.080  1124  1124 V DreamService[AmbientDream]: onDestroy()
02-24 15:09:53.320   588  3825 I chatty  : uid=1000(system) Binder:588_12 expire 2 lines
02-24 15:09:56.993   588  1240 I chatty  : uid=1000(system) Binder:588_7 expire 1 line
02-24 15:09:57.016   588   872 I chatty  : uid=1000(system) ConnectivitySer expire 10 lines
02-24 15:09:57.153   588   607 I chatty  : uid=1000(system) Binder:588_1 expire 1 line
02-24 15:10:20.426   588   868 I chatty  : uid=1000(system) WifiService expire 3 lines
02-24 15:10:20.799   980  9579 I chatty  : uid=1000(system) com.google.android.apps.wearable.settings expire 1 line
02-24 15:10:20.970   588   869 I chatty  : uid=1000(system) WifiStateMachin expire 5 lines
02-24 15:10:21.228   980   980 I chatty  : uid=1000(system) com.google.android.apps.wearable.settings expire 6 lines
02-24 15:11:13.609  1124  1124 V DreamService[AmbientDream]: onBind() intent = Intent { act=android.service.dreams.DreamService flg=0x800000 cmp=com.google.android.wearable.ambient/.AmbientDream }
02-24 15:11:13.623   588  1730 I chatty  : uid=1000(system) Binder:588_E expire 3 lines
02-24 15:11:13.650  1124  1124 V DreamService[AmbientDream]: Calling onDreamingStarted()
02-24 15:11:16.010  1124  1124 V DreamService[AmbientDream]: wakeUp(): fromSystem=true, mWaking=false, mFinished=false
02-24 15:11:16.010  1124  1124 V DreamService[AmbientDream]: finish(): mFinished=false
02-24 15:11:16.018  1124  1124 V DreamService[AmbientDream]: detach(): Calling onDreamingStopped()
02-24 15:11:16.128  1124  1124 V DreamService[AmbientDream]: onDestroy()
02-24 15:11:16.291   588  4061 I chatty  : uid=1000(system) Binder:588_13 expire 1 line
02-24 15:11:45.943  1124  1124 V DreamService[AmbientDream]: onBind() intent = Intent { act=android.service.dreams.DreamService flg=0x800000 cmp=com.google.android.wearable.ambient/.AmbientDream }
02-24 15:11:45.960   588  1093 I chatty  : uid=1000(system) Binder:588_5 expire 2 lines
02-24 15:11:45.981  1124  1124 V DreamService[AmbientDream]: Calling onDreamingStarted()
02-24 15:11:46.071   588   617 I chatty  : uid=1000(system) android.display expire 12 lines
02-24 15:11:55.085   588   756 I chatty  : uid=1000(system) InputReader expire 6 lines
02-24 15:11:55.172   588   619 I chatty  : uid=1000(system) PowerManagerSer expire 13 lines
02-24 15:11:55.175  1124  1124 V DreamService[AmbientDream]: wakeUp(): fromSystem=true, mWaking=false, mFinished=false
02-24 15:11:55.175  1124  1124 V DreamService[AmbientDream]: finish(): mFinished=false
02-24 15:11:55.176   588  1222 I chatty  : uid=1000(system) Binder:588_6 expire 2 lines
02-24 15:11:55.179   588   615 I chatty  : uid=1000(system) android.fg expire 7 lines
02-24 15:11:55.185  1124  1124 V DreamService[AmbientDream]: detach(): Calling onDreamingStopped()
02-24 15:11:55.216  1124  1124 V DreamService[AmbientDream]: onDestroy()
02-24 15:11:55.510   588   608 I chatty  : uid=1000(system) Binder:588_2 expire 1 line
