02-24 16:59:00.680   588   613 E BatteryStatsService: no controller energy info supplied
02-24 16:59:00.681   588   613 E BatteryStatsService: no controller energy info supplied
02-24 16:59:00.681   588   613 E BatteryStatsService: no controller energy info supplied
02-24 17:00:25.589   588   609 I UsageStatsService: User[0] Flushing usage stats to disk
02-24 17:00:35.852   588   613 E BatteryStatsService: no controller energy info supplied
02-24 17:00:35.852   588   613 E BatteryStatsService: no controller energy info supplied
02-24 17:00:35.852   588   613 E BatteryStatsService: no controller energy info supplied
02-24 17:01:58.404   588   756 I ActivityManager: START u0 {act=android.intent.action.MAIN cat=[android.intent.category.HOME] flg=0x10200000 cmp=com.google.android.wearable.app/com.google.android.clockwork.home2.activity.HomeActivity2 (has extras)} from uid 1000 on display 0
02-24 17:01:58.879   588   756 I ActivityManager: START u0 {act=android.intent.action.MAIN cat=[android.intent.category.HOME] flg=0x10200000 cmp=com.google.android.wearable.app/com.google.android.clockwork.home2.activity.HomeActivity2 (has extras)} from uid 1000 on display 0
02-24 17:02:00.285   588  1730 I PowerManagerService: Going to sleep due to screen timeout (uid 1000)...
02-24 17:02:00.287   588   619 I PowerManagerService: Sleeping (uid 1000)...
02-24 17:02:00.885   588   617 I DisplayManagerService: Display device changed state: "Built-in Screen", OFF
02-24 17:02:00.912   588   756 I PowerManagerService: Waking up from sleep (uid 1000)...
02-24 17:02:00.968   588   619 I DisplayPowerController: Blocking screen on until initial contents have been drawn.
02-24 17:02:01.008   588   756 I WindowManager: Suppressed redundant power key press while already in the process of turning the screen on.
02-24 17:02:01.085   588   619 I DisplayPowerController: Unblocked screen on after 116 ms
02-24 17:02:01.317   588   617 I DisplayManagerService: Display device changed state: "Built-in Screen", ON
02-24 17:02:01.460   588   756 I ActivityManager: START u0 {act=android.intent.action.MAIN cat=[android.intent.category.HOME] flg=0x10200000 cmp=com.google.android.wearable.app/com.google.android.clockwork.home2.activity.HomeActivity2 (has extras)} from uid 1000 on display 0
02-24 17:02:02.846   588   926 I PowerManagerService: Going to sleep due to screen timeout (uid 1000)...
02-24 17:02:02.850   588   619 I PowerManagerService: Sleeping (uid 1000)...
02-24 17:02:03.346   588   756 I PowerManagerService: Waking up from sleep (uid 1000)...
02-24 17:02:04.028   588   756 I ActivityManager: START u0 {act=android.intent.action.MAIN cat=[android.intent.category.HOME] flg=0x10200000 cmp=com.google.android.wearable.app/com.google.android.clockwork.home2.activity.HomeActivity2 (has extras)} from uid 1000 on display 0
02-24 17:02:05.428   588   926 I PowerManagerService: Going to sleep due to screen timeout (uid 1000)...
02-24 17:02:05.429   588   619 I PowerManagerService: Sleeping (uid 1000)...
02-24 17:02:06.011   588   617 I DisplayManagerService: Display device changed state: "Built-in Screen", OFF
02-24 17:02:07.257   588   756 I PowerManagerService: Waking up from sleep (uid 1000)...
02-24 17:02:07.308   588   619 I DisplayPowerController: Blocking screen on until initial contents have been drawn.
02-24 17:02:07.362   588   617 I DisplayManagerService: Display device changed state: "Built-in Screen", ON
02-24 17:02:07.451   588   619 I DisplayPowerController: Unblocked screen on after 143 ms
02-24 17:02:07.789   588   756 I ActivityManager: START u0 {act=android.intent.action.MAIN cat=[android.intent.category.HOME] flg=0x10200000 cmp=com.google.android.wearable.app/com.google.android.clockwork.home2.activity.HomeActivity2 (has extras)} from uid 1000 on display 0
02-24 17:02:08.907   588  1093 I PowerManagerService: Going to sleep due to screen timeout (uid 1000)...
02-24 17:02:08.912   588   619 I PowerManagerService: Sleeping (uid 1000)...
02-24 17:02:09.293   588   756 I PowerManagerService: Waking up from sleep (uid 1000)...
02-24 17:02:09.832   588   756 I ActivityManager: START u0 {act=android.intent.action.MAIN cat=[android.intent.category.HOME] flg=0x10200000 cmp=com.google.android.wearable.app/com.google.android.clockwork.home2.activity.HomeActivity2 (has extras)} from uid 1000 on display 0
02-24 17:02:10.331   588   756 I ActivityManager: START u0 {act=android.intent.action.MAIN cat=[android.intent.category.HOME] flg=0x10200000 cmp=com.google.android.wearable.app/com.google.android.clockwork.home2.activity.HomeActivity2 (has extras)} from uid 1000 on display 0
02-24 17:02:11.685   588  1250 I PowerManagerService: Going to sleep due to screen timeout (uid 1000)...
02-24 17:02:11.687   588   619 I PowerManagerService: Sleeping (uid 1000)...
02-24 17:02:11.869   588   756 I PowerManagerService: Waking up from sleep (uid 1000)...
02-24 17:02:12.808   588   756 I ActivityManager: START u0 {act=android.intent.action.MAIN cat=[android.intent.category.HOME] flg=0x10200000 cmp=com.google.android.wearable.app/com.google.android.clockwork.home2.activity.HomeActivity2 (has extras)} from uid 1000 on display 0
02-24 17:02:13.991   588   613 E BatteryStatsService: no controller energy info supplied
02-24 17:02:13.992   588   613 E BatteryStatsService: no controller energy info supplied
02-24 17:02:13.992   588   613 E BatteryStatsService: no controller energy info supplied
02-24 17:02:14.166   588   926 I PowerManagerService: Going to sleep due to screen timeout (uid 1000)...
02-24 17:02:14.170   588   619 I PowerManagerService: Sleeping (uid 1000)...
02-24 17:02:14.724   588   617 I DisplayManagerService: Display device changed state: "Built-in Screen", OFF
02-24 17:03:18.241   588  4063 I PowerManagerService: Waking up from sleep (uid 10007)...
02-24 17:03:18.307   588   619 I DisplayPowerController: Blocking screen on until initial contents have been drawn.
02-24 17:03:18.377   588   617 I DisplayManagerService: Display device changed state: "Built-in Screen", ON
02-24 17:03:18.457   588   619 I DisplayPowerController: Unblocked screen on after 150 ms
02-24 17:03:19.725   588  1242 I PowerManagerService: Going to sleep due to screen timeout (uid 1000)...
02-24 17:03:19.726   588   619 I PowerManagerService: Sleeping (uid 1000)...
02-24 17:03:20.315   588   617 I DisplayManagerService: Display device changed state: "Built-in Screen", OFF
02-24 17:08:18.403   588  1251 I ActivityManager: Force stopping com.drejkim.androidwearmotionsensors appid=10049 user=0: from pid 12932
02-24 17:08:18.419   588  1251 I ActivityManager: Killing 12782:com.drejkim.androidwearmotionsensors/u0a49 (adj 700): stop com.drejkim.androidwearmotionsensors
02-24 17:08:18.419   588  1251 D ActivityManager: cleanUpApplicationRecord -- 12782
02-24 17:08:18.424   588  1251 I ActivityManager:   Force finishing activity ActivityRecord{c331c78 u0 com.drejkim.androidwearmotionsensors/.MainActivity t37}
02-24 17:08:21.584   588   896 E TaskPersister: File error accessing recents directory (directory doesn't exist?).
02-24 17:09:15.811   588  1250 I ActivityManager: Force stopping com.drejkim.androidwearmotionsensors appid=10049 user=0: from pid 12990
02-24 17:09:18.417   588  1250 I ActivityManager: START u0 {act=android.intent.action.MAIN cat=[android.intent.category.LAUNCHER] flg=0x10000000 cmp=com.drejkim.androidwearmotionsensors/.MainActivity} from uid 2000 on display 0
02-24 17:09:18.514   588  1250 I ActivityManager: Start proc 13020:com.drejkim.androidwearmotionsensors/u0a49 for activity com.drejkim.androidwearmotionsensors/.MainActivity
02-24 17:09:19.239   588   610 W ActivityManager: Activity pause timeout for ActivityRecord{6e84e8b u0 com.drejkim.androidwearmotionsensors/.MainActivity t38}
02-24 17:09:22.021   588   896 E TaskPersister: File error accessing recents directory (directory doesn't exist?).
02-24 17:09:48.964   588   756 I PowerManagerService: Waking up from sleep (uid 1000)...
02-24 17:09:49.035   588   619 I DisplayPowerController: Blocking screen on until initial contents have been drawn.
02-24 17:09:49.114   588   617 I DisplayManagerService: Display device changed state: "Built-in Screen", ON
02-24 17:09:49.637   588   619 I DisplayPowerController: Unblocked screen on after 603 ms
02-24 17:10:27.066   588   613 E BatteryStatsService: no controller energy info supplied
02-24 17:10:27.066   588   613 E BatteryStatsService: no controller energy info supplied
02-24 17:10:27.066   588   613 E BatteryStatsService: no controller energy info supplied
02-24 17:10:32.902   588   756 I ActivityManager: START u0 {act=android.intent.action.MAIN cat=[android.intent.category.HOME] flg=0x10200000 cmp=com.google.android.wearable.app/com.google.android.clockwork.home2.activity.HomeActivity2 (has extras)} from uid 1000 on display 0
02-24 17:10:43.410   588   619 I PowerManagerService: Going to sleep due to screen timeout (uid 1000)...
02-24 17:10:43.412   588   619 I PowerManagerService: Sleeping (uid 1000)...
02-24 17:10:43.982   588   617 I DisplayManagerService: Display device changed state: "Built-in Screen", OFF
02-24 17:10:54.239   588   756 I PowerManagerService: Waking up from sleep (uid 1000)...
02-24 17:10:54.302   588   619 I DisplayPowerController: Blocking screen on until initial contents have been drawn.
02-24 17:10:54.336   588   617 I DisplayManagerService: Display device changed state: "Built-in Screen", ON
02-24 17:10:54.405   588   756 I WindowManager: Suppressed redundant power key press while already in the process of turning the screen on.
02-24 17:10:54.447   588   619 I DisplayPowerController: Unblocked screen on after 146 ms
02-24 17:10:55.244   588   756 I ActivityManager: START u0 {act=android.intent.action.MAIN cat=[android.intent.category.HOME] flg=0x10200000 cmp=com.google.android.wearable.app/com.google.android.clockwork.home2.activity.HomeActivity2 (has extras)} from uid 1000 on display 0
02-24 17:11:00.401   588  3268 I ActivityManager: START u0 {act=android.intent.action.MAIN cat=[android.intent.category.LAUNCHER] flg=0x10200000 cmp=com.drejkim.androidwearmotionsensors/.MainActivity} from uid 10008 on display 0
02-24 17:11:03.509   588   896 E TaskPersister: File error accessing recents directory (directory doesn't exist?).
02-24 17:12:33.158   588   613 E BatteryStatsService: no controller energy info supplied
02-24 17:12:33.158   588   613 E BatteryStatsService: no controller energy info supplied
02-24 17:12:33.159   588   613 E BatteryStatsService: no controller energy info supplied
02-24 17:14:06.272   588   613 E BatteryStatsService: no controller energy info supplied
02-24 17:14:06.272   588   613 E BatteryStatsService: no controller energy info supplied
02-24 17:14:06.272   588   613 E BatteryStatsService: no controller energy info supplied
02-24 17:14:46.477   588   756 I ActivityManager: START u0 {act=android.intent.action.MAIN cat=[android.intent.category.HOME] flg=0x10200000 cmp=com.google.android.wearable.app/com.google.android.clockwork.home2.activity.HomeActivity2 (has extras)} from uid 1000 on display 0
02-24 17:14:56.006   588  4063 I PowerManagerService: Going to sleep due to screen timeout (uid 1000)...
02-24 17:14:56.009   588   619 I PowerManagerService: Sleeping (uid 1000)...
02-24 17:14:56.611   588   617 I DisplayManagerService: Display device changed state: "Built-in Screen", OFF
02-24 17:16:12.392   588   610 I ActivityManager: Force stopping com.drejkim.androidwearmotionsensors appid=10049 user=-1: installPackageLI
02-24 17:16:12.393   588   610 I ActivityManager: Killing 13020:com.drejkim.androidwearmotionsensors/u0a49 (adj 700): stop com.drejkim.androidwearmotionsensors
02-24 17:16:12.393   588   610 D ActivityManager: cleanUpApplicationRecord -- 13020
02-24 17:16:12.395   588   610 I ActivityManager:   Force finishing activity ActivityRecord{6e84e8b u0 com.drejkim.androidwearmotionsensors/.MainActivity t38}
02-24 17:16:12.859   588   622 I PackageManager: Package com.drejkim.androidwearmotionsensors codePath changed from /data/app/com.drejkim.androidwearmotionsensors-2 to /data/app/com.drejkim.androidwearmotionsensors-1; Retaining data and using new
02-24 17:16:12.861   588   622 W PackageManager: Code path for com.drejkim.androidwearmotionsensors changing from /data/app/com.drejkim.androidwearmotionsensors-2 to /data/app/com.drejkim.androidwearmotionsensors-1
02-24 17:16:12.861   588   622 W PackageManager: Resource path for com.drejkim.androidwearmotionsensors changing from /data/app/com.drejkim.androidwearmotionsensors-2 to /data/app/com.drejkim.androidwearmotionsensors-1
02-24 17:16:15.518   588   896 E TaskPersister: File error accessing recents directory (directory doesn't exist?).
02-24 17:16:16.514   588   622 I ActivityManager: Force stopping com.drejkim.androidwearmotionsensors appid=10049 user=0: pkg removed
02-24 17:16:16.919 10594 10594 W ContextImpl: Calling a method in the system process without a qualified user: android.app.ContextImpl.startService:1357 android.content.ContextWrapper.startService:613 android.content.ContextWrapper.startService:613 com.android.keychain.KeyChainBroadcastReceiver.onReceive:12 android.app.ActivityThread.handleReceiver:3040 
02-24 17:16:36.277   588   610 I ActivityManager: Force stopping com.drejkim.androidwearmotionsensors appid=10049 user=-1: installPackageLI
02-24 17:16:36.729   588   622 I PackageManager: Package com.drejkim.androidwearmotionsensors codePath changed from /data/app/com.drejkim.androidwearmotionsensors-1 to /data/app/com.drejkim.androidwearmotionsensors-2; Retaining data and using new
02-24 17:16:36.731   588   622 W PackageManager: Code path for com.drejkim.androidwearmotionsensors changing from /data/app/com.drejkim.androidwearmotionsensors-1 to /data/app/com.drejkim.androidwearmotionsensors-2
02-24 17:16:36.731   588   622 W PackageManager: Resource path for com.drejkim.androidwearmotionsensors changing from /data/app/com.drejkim.androidwearmotionsensors-1 to /data/app/com.drejkim.androidwearmotionsensors-2
02-24 17:16:37.943   588   622 I ActivityManager: Force stopping com.drejkim.androidwearmotionsensors appid=10049 user=0: pkg removed
02-24 17:16:38.204 10594 10594 W ContextImpl: Calling a method in the system process without a qualified user: android.app.ContextImpl.startService:1357 android.content.ContextWrapper.startService:613 android.content.ContextWrapper.startService:613 com.android.keychain.KeyChainBroadcastReceiver.onReceive:12 android.app.ActivityThread.handleReceiver:3040 
02-24 17:16:41.466   588  1242 I ActivityManager: START u0 {act=android.intent.action.MAIN cat=[android.intent.category.LAUNCHER] flg=0x10000000 cmp=com.drejkim.androidwearmotionsensors/.MainActivity} from uid 2000 on display 0
02-24 17:16:41.605   588  1242 I ActivityManager: Start proc 13466:com.drejkim.androidwearmotionsensors/u0a49 for activity com.drejkim.androidwearmotionsensors/.MainActivity
02-24 17:16:42.331   588   610 W ActivityManager: Activity pause timeout for ActivityRecord{69f3184 u0 com.drejkim.androidwearmotionsensors/.MainActivity t39}
02-24 17:16:45.180   588   896 E TaskPersister: File error accessing recents directory (directory doesn't exist?).
02-24 17:16:58.298   588   756 I PowerManagerService: Waking up from sleep (uid 1000)...
02-24 17:16:58.359   588   619 I DisplayPowerController: Blocking screen on until initial contents have been drawn.
02-24 17:16:58.386   588   617 I DisplayManagerService: Display device changed state: "Built-in Screen", ON
02-24 17:16:58.447   588   756 I WindowManager: Suppressed redundant power key press while already in the process of turning the screen on.
02-24 17:16:58.487   588   619 I DisplayPowerController: Unblocked screen on after 127 ms
02-24 17:17:18.438   588   613 E BatteryStatsService: no controller energy info supplied
02-24 17:17:18.438   588   613 E BatteryStatsService: no controller energy info supplied
02-24 17:17:18.438   588   613 E BatteryStatsService: no controller energy info supplied
02-24 17:18:50.604   588   613 E BatteryStatsService: no controller energy info supplied
02-24 17:18:50.605   588   613 E BatteryStatsService: no controller energy info supplied
02-24 17:18:50.605   588   613 E BatteryStatsService: no controller energy info supplied
02-24 17:19:19.520   588   610 I ActivityManager: Killing 11463:android.process.media/u0a17 (adj 906): empty for 1812s
02-24 17:19:19.866   588  3268 D ActivityManager: cleanUpApplicationRecord -- 11463
02-24 17:20:23.715   588   613 E BatteryStatsService: no controller energy info supplied
02-24 17:20:23.715   588   613 E BatteryStatsService: no controller energy info supplied
02-24 17:20:23.715   588   613 E BatteryStatsService: no controller energy info supplied
02-24 17:21:56.851   588   613 E BatteryStatsService: no controller energy info supplied
02-24 17:21:56.871   588   613 E BatteryStatsService: no controller energy info supplied
02-24 17:21:56.871   588   613 E BatteryStatsService: no controller energy info supplied
02-24 17:23:29.986   588   613 E BatteryStatsService: no controller energy info supplied
02-24 17:23:29.986   588   613 E BatteryStatsService: no controller energy info supplied
02-24 17:23:29.986   588   613 E BatteryStatsService: no controller energy info supplied
02-24 17:24:40.097   588   613 E BatteryStatsService: no controller energy info supplied
02-24 17:24:40.097   588   613 E BatteryStatsService: no controller energy info supplied
02-24 17:24:40.097   588   613 E BatteryStatsService: no controller energy info supplied
02-24 17:26:12.238   588   613 E BatteryStatsService: no controller energy info supplied
02-24 17:26:12.238   588   613 E BatteryStatsService: no controller energy info supplied
02-24 17:26:12.238   588   613 E BatteryStatsService: no controller energy info supplied
--------- beginning of main
02-24 17:27:12.510 13466 13466 I System.out: x = 0.13412476
02-24 17:27:12.511 13466 13466 I System.out: y = -6.0679626
02-24 17:27:12.511 13466 13466 I System.out: z = 7.7666016
02-24 17:27:12.518 13466 13466 I System.out: DateTime: Sat Feb 24 17:27:12 CST 2018
02-24 17:27:12.518 13466 13466 I System.out: x = 0.112701416
02-24 17:27:12.518 13466 13466 I System.out: y = -6.017975
02-24 17:27:12.518 13466 13466 I System.out: z = 7.6523438
02-24 17:27:12.532 13466 13466 I System.out: DateTime: Sat Feb 24 17:27:12 CST 2018
02-24 17:27:12.532 13466 13466 I System.out: x = 0.07699585
02-24 17:27:12.532 13466 13466 I System.out: y = -6.0846252
02-24 17:27:12.532 13466 13466 I System.out: z = 7.6642456
02-24 17:27:12.533 13466 13466 I System.out: DateTime: Sat Feb 24 17:27:12 CST 2018
02-24 17:27:12.533 13466 13466 I System.out: x = -3.5095215E-4
02-24 17:27:12.533 13466 13466 I System.out: y = -0.0018615723
02-24 17:27:12.533 13466 13466 I System.out: z = -6.5612793E-4
02-24 17:27:12.550 13466 13466 I System.out: DateTime: Sat Feb 24 17:27:12 CST 2018
02-24 17:27:12.550 13466 13466 I System.out: x = 0.067474365
02-24 17:27:12.550 13466 13466 I System.out: y = -6.0417786
02-24 17:27:12.550 13466 13466 I System.out: z = 7.62854
02-24 17:27:12.551 13466 13466 I System.out: DateTime: Sat Feb 24 17:27:12 CST 2018
02-24 17:27:12.551 13466 13466 I System.out: x = 0.08413696
02-24 17:27:12.551 13466 13466 I System.out: y = -6.153656
02-24 17:27:12.551 13466 13466 I System.out: z = 7.69281
02-24 17:27:12.562 13466 13466 I System.out: DateTime: Sat Feb 24 17:27:12 CST 2018
02-24 17:27:12.562 13466 13466 I System.out: x = 0.07461548
02-24 17:27:12.562 13466 13466 I System.out: y = -6.082245
02-24 17:27:12.562 13466 13466 I System.out: z = 7.5785522
02-24 17:27:12.568 13466 13466 I System.out: DateTime: Sat Feb 24 17:27:12 CST 2018
02-24 17:27:12.568 13466 13466 I System.out: x = 0.18411255
02-24 17:27:12.568 13466 13466 I System.out: y = -5.9822693
02-24 17:27:12.568 13466 13466 I System.out: z = 7.6832886
02-24 17:27:12.583 13466 13466 I System.out: DateTime: Sat Feb 24 17:27:12 CST 2018
02-24 17:27:12.583 13466 13466 I System.out: x = 0.07937622
02-24 17:27:12.584 13466 13466 I System.out: y = -6.108429
02-24 17:27:12.584 13466 13466 I System.out: z = 7.723755
02-24 17:27:12.593 13466 13466 I System.out: DateTime: Sat Feb 24 17:27:12 CST 2018
02-24 17:27:12.593 13466 13466 I System.out: x = 0.027008057
02-24 17:27:12.593 13466 13466 I System.out: y = -6.0989075
02-24 17:27:12.593 13466 13466 I System.out: z = 7.6261597
02-24 17:27:12.599 13466 13466 I System.out: DateTime: Sat Feb 24 17:27:12 CST 2018
02-24 17:27:12.599 13466 13466 I System.out: x = 0.03414917
02-24 17:27:12.599 13466 13466 I System.out: y = -6.0346375
02-24 17:27:12.599 13466 13466 I System.out: z = 7.673767
02-24 17:27:12.610 13466 13466 I System.out: DateTime: Sat Feb 24 17:27:12 CST 2018
02-24 17:27:12.610 13466 13466 I System.out: x = 0.038909912
02-24 17:27:12.610 13466 13466 I System.out: y = -6.1179504
02-24 17:27:12.610 13466 13466 I System.out: z = 7.640442
02-24 17:27:12.618 13466 13466 I System.out: DateTime: Sat Feb 24 17:27:12 CST 2018
02-24 17:27:12.618 13466 13466 I System.out: x = 0.041290283
02-24 17:27:12.618 13466 13466 I System.out: y = -6.1179504
02-24 17:27:12.618 13466 13466 I System.out: z = 7.904663
02-24 17:27:12.630 13466 13466 I System.out: DateTime: Sat Feb 24 17:27:12 CST 2018
02-24 17:27:12.630 13466 13466 I System.out: x = 0.107940674
02-24 17:27:12.630 13466 13466 I System.out: y = -6.2345886
02-24 17:27:12.630 13466 13466 I System.out: z = 7.5238037
02-24 17:27:12.638 13466 13466 I System.out: DateTime: Sat Feb 24 17:27:12 CST 2018
02-24 17:27:12.638 13466 13466 I System.out: x = 0.15078735
02-24 17:27:12.638 13466 13466 I System.out: y = -6.141754
02-24 17:27:12.638 13466 13466 I System.out: z = 7.492859
02-24 17:27:12.650 13466 13466 I System.out: DateTime: Sat Feb 24 17:27:12 CST 2018
02-24 17:27:12.650 13466 13466 I System.out: x = 0.09603882
02-24 17:27:12.650 13466 13466 I System.out: y = -6.0655823
02-24 17:27:12.650 13466 13466 I System.out: z = 7.685669
02-24 17:27:12.663 13466 13466 I System.out: DateTime: Sat Feb 24 17:27:12 CST 2018
02-24 17:27:12.663 13466 13466 I System.out: x = 0.05319214
02-24 17:27:12.663 13466 13466 I System.out: y = -6.020355
02-24 17:27:12.663 13466 13466 I System.out: z = 7.6713867
02-24 17:27:12.668 13466 13466 I System.out: DateTime: Sat Feb 24 17:27:12 CST 2018
02-24 17:27:12.668 13466 13466 I System.out: x = 0.03414917
02-24 17:27:12.668 13466 13466 I System.out: y = -6.017975
02-24 17:27:12.668 13466 13466 I System.out: z = 7.6832886
02-24 17:27:12.682 13466 13466 I System.out: DateTime: Sat Feb 24 17:27:12 CST 2018
02-24 17:27:12.682 13466 13466 I System.out: x = 0.041290283
02-24 17:27:12.682 13466 13466 I System.out: y = -6.089386
02-24 17:27:12.682 13466 13466 I System.out: z = 7.661865
02-24 17:27:12.687 13466 13466 I System.out: DateTime: Sat Feb 24 17:27:12 CST 2018
02-24 17:27:12.688 13466 13466 I System.out: x = 0.03652954
02-24 17:27:12.688 13466 13466 I System.out: y = -6.1298523
02-24 17:27:12.688 13466 13466 I System.out: z = 7.621399
02-24 17:27:12.698 13466 13466 I System.out: DateTime: Sat Feb 24 17:27:12 CST 2018
02-24 17:27:12.698 13466 13466 I System.out: x = 0.0317688
02-24 17:27:12.698 13466 13466 I System.out: y = -6.186981
02-24 17:27:12.698 13466 13466 I System.out: z = 7.602356
02-24 17:27:12.718 13466 13466 I System.out: DateTime: Sat Feb 24 17:27:12 CST 2018
02-24 17:27:12.718 13466 13466 I System.out: x = 0.11508179
02-24 17:27:12.719 13466 13466 I System.out: y = -6.3107605
02-24 17:27:12.719 13466 13466 I System.out: z = 7.569031
02-24 17:27:12.719 13466 13466 I System.out: DateTime: Sat Feb 24 17:27:12 CST 2018
02-24 17:27:12.719 13466 13466 I System.out: x = 0.15316772
02-24 17:27:12.719 13466 13466 I System.out: y = -6.2274475
02-24 17:27:12.719 13466 13466 I System.out: z = 7.590454
02-24 17:27:12.731 13466 13466 I System.out: DateTime: Sat Feb 24 17:27:12 CST 2018
02-24 17:27:12.731 13466 13466 I System.out: x = 0.14840698
02-24 17:27:12.731 13466 13466 I System.out: y = -6.1060486
02-24 17:27:12.731 13466 13466 I System.out: z = 7.5856934
02-24 17:27:12.733 13466 13466 I System.out: DateTime: Sat Feb 24 17:27:12 CST 2018
02-24 17:27:12.733 13466 13466 I System.out: x = -0.024230957
02-24 17:27:12.733 13466 13466 I System.out: y = -0.0012207031
02-24 17:27:12.733 13466 13466 I System.out: z = -0.006576538
02-24 17:27:12.737 13466 13466 I System.out: DateTime: Sat Feb 24 17:27:12 CST 2018
02-24 17:27:12.737 13466 13466 I System.out: x = 0.08413696
02-24 17:27:12.737 13466 13466 I System.out: y = -6.0655823
02-24 17:27:12.737 13466 13466 I System.out: z = 7.680908
02-24 17:27:12.749 13466 13466 I System.out: DateTime: Sat Feb 24 17:27:12 CST 2018
02-24 17:27:12.749 13466 13466 I System.out: x = 0.1055603
02-24 17:27:12.749 13466 13466 I System.out: y = -6.0036926
02-24 17:27:12.750 13466 13466 I System.out: z = 7.6951904
02-24 17:27:12.757 13466 13466 I System.out: DateTime: Sat Feb 24 17:27:12 CST 2018
02-24 17:27:12.758 13466 13466 I System.out: x = 0.12460327
02-24 17:27:12.758 13466 13466 I System.out: y = -6.037018
02-24 17:27:12.758 13466 13466 I System.out: z = 7.635681
02-24 17:27:12.768 13466 13466 I System.out: DateTime: Sat Feb 24 17:27:12 CST 2018
02-24 17:27:12.768 13466 13466 I System.out: x = 0.11508179
02-24 17:27:12.768 13466 13466 I System.out: y = -6.122711
02-24 17:27:12.768 13466 13466 I System.out: z = 7.69281
02-24 17:27:12.782 13466 13466 I System.out: DateTime: Sat Feb 24 17:27:12 CST 2018
02-24 17:27:12.782 13466 13466 I System.out: x = 0.050811768
02-24 17:27:12.783 13466 13466 I System.out: y = -6.1298523
02-24 17:27:12.783 13466 13466 I System.out: z = 7.5666504
02-24 17:27:12.794 13466 13466 I System.out: DateTime: Sat Feb 24 17:27:12 CST 2018
02-24 17:27:12.794 13466 13466 I System.out: x = 0.07937622
02-24 17:27:12.794 13466 13466 I System.out: y = -6.2203064
02-24 17:27:12.794 13466 13466 I System.out: z = 7.597595
02-24 17:27:12.801 13466 13466 I System.out: DateTime: Sat Feb 24 17:27:12 CST 2018
02-24 17:27:12.801 13466 13466 I System.out: x = 0.1055603
02-24 17:27:12.801 13466 13466 I System.out: y = -6.1941223
02-24 17:27:12.801 13466 13466 I System.out: z = 7.5618896
02-24 17:27:12.807 13466 13466 I System.out: DateTime: Sat Feb 24 17:27:12 CST 2018
02-24 17:27:12.807 13466 13466 I System.out: x = 0.017486572
02-24 17:27:12.807 13466 13466 I System.out: y = -6.184601
02-24 17:27:12.807 13466 13466 I System.out: z = 7.711853
02-24 17:27:12.817 13466 13466 I System.out: DateTime: Sat Feb 24 17:27:12 CST 2018
02-24 17:27:12.817 13466 13466 I System.out: x = -0.00869751
02-24 17:27:12.817 13466 13466 I System.out: y = -6.0989075
02-24 17:27:12.817 13466 13466 I System.out: z = 7.590454
02-24 17:27:12.835 13466 13466 I System.out: DateTime: Sat Feb 24 17:27:12 CST 2018
02-24 17:27:12.835 13466 13466 I System.out: x = 0.088897705
02-24 17:27:12.835 13466 13466 I System.out: y = -6.037018
02-24 17:27:12.835 13466 13466 I System.out: z = 7.6904297
02-24 17:27:12.840 13466 13466 I System.out: DateTime: Sat Feb 24 17:27:12 CST 2018
02-24 17:27:12.840 13466 13466 I System.out: x = 0.10317993
02-24 17:27:12.840 13466 13466 I System.out: y = -6.0989075
02-24 17:27:12.840 13466 13466 I System.out: z = 7.616638
02-24 17:27:12.853 13466 13466 I System.out: DateTime: Sat Feb 24 17:27:12 CST 2018
02-24 17:27:12.854 13466 13466 I System.out: x = 0.088897705
02-24 17:27:12.854 13466 13466 I System.out: y = -6.0608215
02-24 17:27:12.854 13466 13466 I System.out: z = 7.5999756
02-24 17:27:12.856 13466 13466 I System.out: DateTime: Sat Feb 24 17:27:12 CST 2018
02-24 17:27:12.856 13466 13466 I System.out: x = 0.14602661
02-24 17:27:12.856 13466 13466 I System.out: y = -6.1179504
02-24 17:27:12.856 13466 13466 I System.out: z = 7.659485
02-24 17:27:12.869 13466 13466 I System.out: DateTime: Sat Feb 24 17:27:12 CST 2018
02-24 17:27:12.869 13466 13466 I System.out: x = 0.019866943
02-24 17:27:12.869 13466 13466 I System.out: y = -6.1560364
02-24 17:27:12.869 13466 13466 I System.out: z = 7.6071167
02-24 17:27:12.879 13466 13466 I System.out: DateTime: Sat Feb 24 17:27:12 CST 2018
02-24 17:27:12.879 13466 13466 I System.out: x = 0.03652954
02-24 17:27:12.879 13466 13466 I System.out: y = -6.153656
02-24 17:27:12.879 13466 13466 I System.out: z = 7.5595093
02-24 17:27:12.887 13466 13466 I System.out: DateTime: Sat Feb 24 17:27:12 CST 2018
02-24 17:27:12.887 13466 13466 I System.out: x = 0.043670654
02-24 17:27:12.887 13466 13466 I System.out: y = -6.1631775
02-24 17:27:12.887 13466 13466 I System.out: z = 7.6690063
02-24 17:27:12.901 13466 13466 I System.out: DateTime: Sat Feb 24 17:27:12 CST 2018
02-24 17:27:12.902 13466 13466 I System.out: x = 0.019866943
02-24 17:27:12.902 13466 13466 I System.out: y = -6.1488953
02-24 17:27:12.902 13466 13466 I System.out: z = 7.640442
02-24 17:27:12.906 13466 13466 I System.out: DateTime: Sat Feb 24 17:27:12 CST 2018
02-24 17:27:12.906 13466 13466 I System.out: x = 0.07937622
02-24 17:27:12.906 13466 13466 I System.out: y = -6.1369934
02-24 17:27:12.906 13466 13466 I System.out: z = 7.654724
02-24 17:27:12.919 13466 13466 I System.out: DateTime: Sat Feb 24 17:27:12 CST 2018
02-24 17:27:12.919 13466 13466 I System.out: x = 0.15078735
02-24 17:27:12.919 13466 13466 I System.out: y = -6.044159
02-24 17:27:12.919 13466 13466 I System.out: z = 7.62854
02-24 17:27:12.926 13466 13466 I System.out: DateTime: Sat Feb 24 17:27:12 CST 2018
02-24 17:27:12.926 13466 13466 I System.out: x = 0.14126587
02-24 17:27:12.926 13466 13466 I System.out: y = -6.020355
02-24 17:27:12.926 13466 13466 I System.out: z = 7.6690063
02-24 17:27:12.934 13466 13466 I System.out: DateTime: Sat Feb 24 17:27:12 CST 2018
02-24 17:27:12.935 13466 13466 I System.out: x = -0.0016784668
02-24 17:27:12.935 13466 13466 I System.out: y = 0.013687134
02-24 17:27:12.935 13466 13466 I System.out: z = -0.008071899
02-24 17:27:12.936 13466 13466 I System.out: DateTime: Sat Feb 24 17:27:12 CST 2018
02-24 17:27:12.936 13466 13466 I System.out: x = 0.07937622
02-24 17:27:12.936 13466 13466 I System.out: y = -6.0655823
02-24 17:27:12.936 13466 13466 I System.out: z = 7.6713867
02-24 17:27:12.954 13466 13466 I System.out: DateTime: Sat Feb 24 17:27:12 CST 2018
02-24 17:27:12.954 13466 13466 I System.out: x = 0.07461548
02-24 17:27:12.954 13466 13466 I System.out: y = -6.1108093
02-24 17:27:12.954 13466 13466 I System.out: z = 7.5880737
02-24 17:27:12.956 13466 13466 I System.out: DateTime: Sat Feb 24 17:27:12 CST 2018
02-24 17:27:12.956 13466 13466 I System.out: x = 0.01272583
02-24 17:27:12.956 13466 13466 I System.out: y = -6.2274475
02-24 17:27:12.956 13466 13466 I System.out: z = 7.69281
02-24 17:27:12.968 13466 13466 I System.out: DateTime: Sat Feb 24 17:27:12 CST 2018
02-24 17:27:12.968 13466 13466 I System.out: x = 0.017486572
02-24 17:27:12.968 13466 13466 I System.out: y = -6.3059998
02-24 17:27:12.968 13466 13466 I System.out: z = 7.616638
02-24 17:27:12.975 13466 13466 I System.out: DateTime: Sat Feb 24 17:27:12 CST 2018
02-24 17:27:12.975 13466 13466 I System.out: x = 0.03652954
02-24 17:27:12.975 13466 13466 I System.out: y = -6.24411
02-24 17:27:12.975 13466 13466 I System.out: z = 7.576172
02-24 17:27:12.990 13466 13466 I System.out: DateTime: Sat Feb 24 17:27:12 CST 2018
02-24 17:27:12.990 13466 13466 I System.out: x = 0.10317993
02-24 17:27:12.990 13466 13466 I System.out: y = -6.1822205
02-24 17:27:12.990 13466 13466 I System.out: z = 7.62854
02-24 17:27:12.997 13466 13466 I System.out: DateTime: Sat Feb 24 17:27:12 CST 2018
02-24 17:27:12.998 13466 13466 I System.out: x = 0.10317993
02-24 17:27:12.998 13466 13466 I System.out: y = -6.1322327
02-24 17:27:12.998 13466 13466 I System.out: z = 7.5618896
02-24 17:27:13.006 13466 13466 I System.out: DateTime: Sat Feb 24 17:27:13 CST 2018
02-24 17:27:13.006 13466 13466 I System.out: x = 0.1388855
02-24 17:27:13.006 13466 13466 I System.out: y = -6.0227356
02-24 17:27:13.006 13466 13466 I System.out: z = 7.6118774
02-24 17:27:13.020 13466 13466 I System.out: DateTime: Sat Feb 24 17:27:13 CST 2018
02-24 17:27:13.020 13466 13466 I System.out: x = 0.14840698
02-24 17:27:13.020 13466 13466 I System.out: y = -6.039398
02-24 17:27:13.020 13466 13466 I System.out: z = 7.6761475
02-24 17:27:13.025 13466 13466 I System.out: DateTime: Sat Feb 24 17:27:13 CST 2018
02-24 17:27:13.025 13466 13466 I System.out: x = 0.2626648
02-24 17:27:13.025 13466 13466 I System.out: y = -5.910858
02-24 17:27:13.025 13466 13466 I System.out: z = 7.5856934
02-24 17:27:13.038 13466 13466 I System.out: DateTime: Sat Feb 24 17:27:13 CST 2018
02-24 17:27:13.038 13466 13466 I System.out: x = 0.029388428
02-24 17:27:13.039 13466 13466 I System.out: y = -6.301239
02-24 17:27:13.039 13466 13466 I System.out: z = 7.654724
02-24 17:27:13.045 13466 13466 I System.out: DateTime: Sat Feb 24 17:27:13 CST 2018
02-24 17:27:13.045 13466 13466 I System.out: x = -0.03012085
02-24 17:27:13.045 13466 13466 I System.out: y = -6.203644
02-24 17:27:13.045 13466 13466 I System.out: z = 7.6951904
02-24 17:27:13.056 13466 13466 I System.out: DateTime: Sat Feb 24 17:27:13 CST 2018
02-24 17:27:13.056 13466 13466 I System.out: x = 0.05557251
02-24 17:27:13.056 13466 13466 I System.out: y = -6.222687
02-24 17:27:13.056 13466 13466 I System.out: z = 7.576172
02-24 17:27:13.070 13466 13466 I System.out: DateTime: Sat Feb 24 17:27:13 CST 2018
02-24 17:27:13.070 13466 13466 I System.out: x = 0.09365845
02-24 17:27:13.070 13466 13466 I System.out: y = -6.2464905
02-24 17:27:13.070 13466 13466 I System.out: z = 7.533325
02-24 17:27:13.075 13466 13466 I System.out: DateTime: Sat Feb 24 17:27:13 CST 2018
02-24 17:27:13.075 13466 13466 I System.out: x = 0.10079956
02-24 17:27:13.075 13466 13466 I System.out: y = -6.1298523
02-24 17:27:13.076 13466 13466 I System.out: z = 7.538086
02-24 17:27:13.092 13466 13466 I System.out: DateTime: Sat Feb 24 17:27:13 CST 2018
02-24 17:27:13.092 13466 13466 I System.out: x = 0.050811768
02-24 17:27:13.092 13466 13466 I System.out: y = -6.032257
02-24 17:27:13.092 13466 13466 I System.out: z = 7.6428223
02-24 17:27:13.094 13466 13466 I System.out: DateTime: Sat Feb 24 17:27:13 CST 2018
02-24 17:27:13.094 13466 13466 I System.out: x = 0.03414917
02-24 17:27:13.094 13466 13466 I System.out: y = -6.0084534
02-24 17:27:13.094 13466 13466 I System.out: z = 7.7594604
02-24 17:27:13.105 13466 13466 I System.out: DateTime: Sat Feb 24 17:27:13 CST 2018
02-24 17:27:13.105 13466 13466 I System.out: x = 0.043670654
02-24 17:27:13.105 13466 13466 I System.out: y = -5.9822693
02-24 17:27:13.105 13466 13466 I System.out: z = 7.704712
02-24 17:27:13.119 13466 13466 I System.out: DateTime: Sat Feb 24 17:27:13 CST 2018
02-24 17:27:13.119 13466 13466 I System.out: x = 0.07223511
02-24 17:27:13.120 13466 13466 I System.out: y = -6.103668
02-24 17:27:13.120 13466 13466 I System.out: z = 7.723755
02-24 17:27:13.124 13466 13466 I System.out: DateTime: Sat Feb 24 17:27:13 CST 2018
02-24 17:27:13.125 13466 13466 I System.out: x = 0.005584717
02-24 17:27:13.125 13466 13466 I System.out: y = -6.225067
02-24 17:27:13.125 13466 13466 I System.out: z = 7.552368
02-24 17:27:13.130 13466 13466 I System.out: DateTime: Sat Feb 24 17:27:13 CST 2018
02-24 17:27:13.130 13466 13466 I System.out: x = -0.0059051514
02-24 17:27:13.130 13466 13466 I System.out: y = 0.0066833496
02-24 17:27:13.130 13466 13466 I System.out: z = 9.1552734E-5
02-24 17:27:13.143 13466 13466 I System.out: DateTime: Sat Feb 24 17:27:13 CST 2018
02-24 17:27:13.143 13466 13466 I System.out: x = 0.067474365
02-24 17:27:13.144 13466 13466 I System.out: y = -6.203644
02-24 17:27:13.144 13466 13466 I System.out: z = 7.5547485
02-24 17:27:13.146 13466 13466 I System.out: DateTime: Sat Feb 24 17:27:13 CST 2018
02-24 17:27:13.146 13466 13466 I System.out: x = 0.05319214
02-24 17:27:13.146 13466 13466 I System.out: y = -6.267914
02-24 17:27:13.146 13466 13466 I System.out: z = 7.5666504
02-24 17:27:13.156 13466 13466 I System.out: DateTime: Sat Feb 24 17:27:13 CST 2018
02-24 17:27:13.156 13466 13466 I System.out: x = 0.067474365
02-24 17:27:13.156 13466 13466 I System.out: y = -6.2203064
02-24 17:27:13.156 13466 13466 I System.out: z = 7.5928345
02-24 17:27:13.164 13466 13466 I System.out: DateTime: Sat Feb 24 17:27:13 CST 2018
02-24 17:27:13.164 13466 13466 I System.out: x = 0.14602661
02-24 17:27:13.164 13466 13466 I System.out: y = -6.0489197
02-24 17:27:13.164 13466 13466 I System.out: z = 7.6118774
02-24 17:27:13.175 13466 13466 I System.out: DateTime: Sat Feb 24 17:27:13 CST 2018
02-24 17:27:13.175 13466 13466 I System.out: x = 0.14602661
02-24 17:27:13.175 13466 13466 I System.out: y = -6.0798645
02-24 17:27:13.175 13466 13466 I System.out: z = 7.6642456
02-24 17:27:13.189 13466 13466 I System.out: DateTime: Sat Feb 24 17:27:13 CST 2018
02-24 17:27:13.189 13466 13466 I System.out: x = 0.107940674
02-24 17:27:13.190 13466 13466 I System.out: y = -6.0346375
02-24 17:27:13.190 13466 13466 I System.out: z = 7.6951904
02-24 17:27:13.194 13466 13466 I System.out: DateTime: Sat Feb 24 17:27:13 CST 2018
02-24 17:27:13.194 13466 13466 I System.out: x = 0.067474365
02-24 17:27:13.194 13466 13466 I System.out: y = -6.0298767
02-24 17:27:13.194 13466 13466 I System.out: z = 7.699951
02-24 17:27:13.205 13466 13466 I System.out: DateTime: Sat Feb 24 17:27:13 CST 2018
02-24 17:27:13.205 13466 13466 I System.out: x = 0.050811768
02-24 17:27:13.205 13466 13466 I System.out: y = -6.127472
02-24 17:27:13.206 13466 13466 I System.out: z = 7.723755
02-24 17:27:13.214 13466 13466 I System.out: DateTime: Sat Feb 24 17:27:13 CST 2018
02-24 17:27:13.214 13466 13466 I System.out: x = 0.024627686
02-24 17:27:13.214 13466 13466 I System.out: y = -6.251251
02-24 17:27:13.214 13466 13466 I System.out: z = 7.595215
02-24 17:27:13.224 13466 13466 I System.out: DateTime: Sat Feb 24 17:27:13 CST 2018
02-24 17:27:13.224 13466 13466 I System.out: x = -0.00869751
02-24 17:27:13.224 13466 13466 I System.out: y = -6.2583923
02-24 17:27:13.225 13466 13466 I System.out: z = 7.5785522
02-24 17:27:13.244 13466 13466 I System.out: DateTime: Sat Feb 24 17:27:13 CST 2018
02-24 17:27:13.244 13466 13466 I System.out: x = 0.067474365
02-24 17:27:13.244 13466 13466 I System.out: y = -6.191742
02-24 17:27:13.244 13466 13466 I System.out: z = 7.5999756
02-24 17:27:13.247 13466 13466 I System.out: DateTime: Sat Feb 24 17:27:13 CST 2018
02-24 17:27:13.247 13466 13466 I System.out: x = 0.11508179
02-24 17:27:13.247 13466 13466 I System.out: y = -6.2274475
02-24 17:27:13.247 13466 13466 I System.out: z = 7.718994
02-24 17:27:13.255 13466 13466 I System.out: DateTime: Sat Feb 24 17:27:13 CST 2018
02-24 17:27:13.255 13466 13466 I System.out: x = 0.06271362
02-24 17:27:13.255 13466 13466 I System.out: y = -6.120331
02-24 17:27:13.255 13466 13466 I System.out: z = 7.5476074
02-24 17:27:13.266 13466 13466 I System.out: DateTime: Sat Feb 24 17:27:13 CST 2018
02-24 17:27:13.266 13466 13466 I System.out: x = 0.07699585
02-24 17:27:13.266 13466 13466 I System.out: y = -6.063202
02-24 17:27:13.266 13466 13466 I System.out: z = 7.5166626
02-24 17:27:13.274 13466 13466 I System.out: DateTime: Sat Feb 24 17:27:13 CST 2018
02-24 17:27:13.274 13466 13466 I System.out: x = 0.14364624
02-24 17:27:13.274 13466 13466 I System.out: y = -6.0013123
02-24 17:27:13.274 13466 13466 I System.out: z = 7.678528
02-24 17:27:13.284 13466 13466 I System.out: DateTime: Sat Feb 24 17:27:13 CST 2018
02-24 17:27:13.284 13466 13466 I System.out: x = 0.09841919
02-24 17:27:13.284 13466 13466 I System.out: y = -6.11557
02-24 17:27:13.284 13466 13466 I System.out: z = 7.6713867
02-24 17:27:13.294 13466 13466 I System.out: DateTime: Sat Feb 24 17:27:13 CST 2018
02-24 17:27:13.294 13466 13466 I System.out: x = 0.05557251
02-24 17:27:13.294 13466 13466 I System.out: y = -6.206024
02-24 17:27:13.295 13466 13466 I System.out: z = 7.704712
02-24 17:27:13.307 13466 13466 I System.out: DateTime: Sat Feb 24 17:27:13 CST 2018
02-24 17:27:13.307 13466 13466 I System.out: x = 0.05795288
02-24 17:27:13.307 13466 13466 I System.out: y = -6.1941223
02-24 17:27:13.307 13466 13466 I System.out: z = 7.5666504
02-24 17:27:13.313 13466 13466 I System.out: DateTime: Sat Feb 24 17:27:13 CST 2018
02-24 17:27:13.313 13466 13466 I System.out: x = 0.08413696
02-24 17:27:13.313 13466 13466 I System.out: y = -6.2012634
02-24 17:27:13.313 13466 13466 I System.out: z = 7.685669
02-24 17:27:13.325 13466 13466 I System.out: DateTime: Sat Feb 24 17:27:13 CST 2018
02-24 17:27:13.325 13466 13466 I System.out: x = 0.1055603
02-24 17:27:13.325 13466 13466 I System.out: y = -6.1893616
02-24 17:27:13.325 13466 13466 I System.out: z = 7.6118774
02-24 17:27:13.328 13466 13466 I System.out: DateTime: Sat Feb 24 17:27:13 CST 2018
02-24 17:27:13.328 13466 13466 I System.out: x = -9.3078613E-4
02-24 17:27:13.328 13466 13466 I System.out: y = -9.0026855E-4
02-24 17:27:13.328 13466 13466 I System.out: z = -0.003479004
02-24 17:27:13.333 13466 13466 I System.out: DateTime: Sat Feb 24 17:27:13 CST 2018
02-24 17:27:13.333 13466 13466 I System.out: x = 0.067474365
02-24 17:27:13.333 13466 13466 I System.out: y = -6.0679626
02-24 17:27:13.333 13466 13466 I System.out: z = 7.571411
02-24 17:27:13.346 13466 13466 I System.out: DateTime: Sat Feb 24 17:27:13 CST 2018
02-24 17:27:13.346 13466 13466 I System.out: x = 0.05319214
02-24 17:27:13.346 13466 13466 I System.out: y = -5.98703
02-24 17:27:13.346 13466 13466 I System.out: z = 7.595215
02-24 17:27:13.354 13466 13466 I System.out: DateTime: Sat Feb 24 17:27:13 CST 2018
02-24 17:27:13.354 13466 13466 I System.out: x = 0.10317993
02-24 17:27:13.354 13466 13466 I System.out: y = -5.9775085
02-24 17:27:13.354 13466 13466 I System.out: z = 7.673767
02-24 17:27:13.364 13466 13466 I System.out: DateTime: Sat Feb 24 17:27:13 CST 2018
02-24 17:27:13.364 13466 13466 I System.out: x = 0.12936401
02-24 17:27:13.364 13466 13466 I System.out: y = -6.1441345
02-24 17:27:13.364 13466 13466 I System.out: z = 7.6713867
02-24 17:27:13.379 13466 13466 I System.out: DateTime: Sat Feb 24 17:27:13 CST 2018
02-24 17:27:13.379 13466 13466 I System.out: x = 0.10317993
02-24 17:27:13.379 13466 13466 I System.out: y = -6.11557
02-24 17:27:13.379 13466 13466 I System.out: z = 7.5404663
02-24 17:27:13.383 13466 13466 I System.out: DateTime: Sat Feb 24 17:27:13 CST 2018
02-24 17:27:13.383 13466 13466 I System.out: x = 0.1722107
02-24 17:27:13.383 13466 13466 I System.out: y = -6.0489197
02-24 17:27:13.383 13466 13466 I System.out: z = 7.6642456
02-24 17:27:13.394 13466 13466 I System.out: DateTime: Sat Feb 24 17:27:13 CST 2018
02-24 17:27:13.394 13466 13466 I System.out: x = 0.12698364
02-24 17:27:13.394 13466 13466 I System.out: y = -6.2012634
02-24 17:27:13.394 13466 13466 I System.out: z = 7.6047363
02-24 17:27:13.409 13466 13466 I System.out: DateTime: Sat Feb 24 17:27:13 CST 2018
02-24 17:27:13.409 13466 13466 I System.out: x = 0.09365845
02-24 17:27:13.409 13466 13466 I System.out: y = -6.3440857
02-24 17:27:13.409 13466 13466 I System.out: z = 7.538086
02-24 17:27:13.413 13466 13466 I System.out: DateTime: Sat Feb 24 17:27:13 CST 2018
02-24 17:27:13.413 13466 13466 I System.out: x = 0.08413696
02-24 17:27:13.413 13466 13466 I System.out: y = -6.2274475
02-24 17:27:13.413 13466 13466 I System.out: z = 7.5928345
02-24 17:27:13.425 13466 13466 I System.out: DateTime: Sat Feb 24 17:27:13 CST 2018
02-24 17:27:13.425 13466 13466 I System.out: x = 0.08175659
02-24 17:27:13.425 13466 13466 I System.out: y = -6.103668
02-24 17:27:13.425 13466 13466 I System.out: z = 7.6237793
02-24 17:27:13.432 13466 13466 I System.out: DateTime: Sat Feb 24 17:27:13 CST 2018
02-24 17:27:13.432 13466 13466 I System.out: x = 0.0317688
02-24 17:27:13.432 13466 13466 I System.out: y = -6.1250916
02-24 17:27:13.433 13466 13466 I System.out: z = 7.680908
02-24 17:27:13.444 13466 13466 I System.out: DateTime: Sat Feb 24 17:27:13 CST 2018
02-24 17:27:13.444 13466 13466 I System.out: x = 0.05795288
02-24 17:27:13.444 13466 13466 I System.out: y = -6.0084534
02-24 17:27:13.444 13466 13466 I System.out: z = 7.6190186
02-24 17:27:13.452 13466 13466 I System.out: DateTime: Sat Feb 24 17:27:13 CST 2018
02-24 17:27:13.452 13466 13466 I System.out: x = 0.13174438
02-24 17:27:13.452 13466 13466 I System.out: y = -6.0798645
02-24 17:27:13.452 13466 13466 I System.out: z = 7.718994
02-24 17:27:13.464 13466 13466 I System.out: DateTime: Sat Feb 24 17:27:13 CST 2018
02-24 17:27:13.464 13466 13466 I System.out: x = 0.091278076
02-24 17:27:13.464 13466 13466 I System.out: y = -6.1512756
02-24 17:27:13.464 13466 13466 I System.out: z = 7.6047363
02-24 17:27:13.475 13466 13466 I System.out: DateTime: Sat Feb 24 17:27:13 CST 2018
02-24 17:27:13.475 13466 13466 I System.out: x = 0.09841919
02-24 17:27:13.475 13466 13466 I System.out: y = -6.103668
02-24 17:27:13.475 13466 13466 I System.out: z = 7.5595093
02-24 17:27:13.482 13466 13466 I System.out: DateTime: Sat Feb 24 17:27:13 CST 2018
02-24 17:27:13.482 13466 13466 I System.out: x = 0.11984253
02-24 17:27:13.482 13466 13466 I System.out: y = -6.122711
02-24 17:27:13.482 13466 13466 I System.out: z = 7.5785522
02-24 17:27:13.493 13466 13466 I System.out: DateTime: Sat Feb 24 17:27:13 CST 2018
02-24 17:27:13.493 13466 13466 I System.out: x = 0.065093994
02-24 17:27:13.493 13466 13466 I System.out: y = -6.210785
02-24 17:27:13.493 13466 13466 I System.out: z = 7.6118774
02-24 17:27:13.501 13466 13466 I System.out: DateTime: Sat Feb 24 17:27:13 CST 2018
02-24 17:27:13.502 13466 13466 I System.out: x = 0.038909912
02-24 17:27:13.502 13466 13466 I System.out: y = -6.2155457
02-24 17:27:13.502 13466 13466 I System.out: z = 7.6261597
02-24 17:27:13.513 13466 13466 I System.out: DateTime: Sat Feb 24 17:27:13 CST 2018
02-24 17:27:13.513 13466 13466 I System.out: x = 0.017486572
02-24 17:27:13.513 13466 13466 I System.out: y = -6.1298523
02-24 17:27:13.513 13466 13466 I System.out: z = 7.5856934
02-24 17:27:13.531 13466 13466 I System.out: DateTime: Sat Feb 24 17:27:13 CST 2018
02-24 17:27:13.531 13466 13466 I System.out: x = 0.107940674
02-24 17:27:13.531 13466 13466 I System.out: y = -6.2084045
02-24 17:27:13.531 13466 13466 I System.out: z = 7.614258
02-24 17:27:13.532 13466 13466 I System.out: DateTime: Sat Feb 24 17:27:13 CST 2018
02-24 17:27:13.532 13466 13466 I System.out: x = 0.09365845
02-24 17:27:13.532 13466 13466 I System.out: y = -6.1488953
02-24 17:27:13.532 13466 13466 I System.out: z = 7.5737915
02-24 17:27:13.533 13466 13466 I System.out: DateTime: Sat Feb 24 17:27:13 CST 2018
02-24 17:27:13.533 13466 13466 I System.out: x = -0.0071868896
02-24 17:27:13.533 13466 13466 I System.out: y = 4.8828125E-4
02-24 17:27:13.533 13466 13466 I System.out: z = 9.0026855E-4
02-24 17:27:13.548 13466 13466 I System.out: DateTime: Sat Feb 24 17:27:13 CST 2018
02-24 17:27:13.548 13466 13466 I System.out: x = 0.15316772
02-24 17:27:13.549 13466 13466 I System.out: y = -5.98703
02-24 17:27:13.549 13466 13466 I System.out: z = 7.621399
02-24 17:27:13.552 13466 13466 I System.out: DateTime: Sat Feb 24 17:27:13 CST 2018
02-24 17:27:13.552 13466 13466 I System.out: x = 0.14364624
02-24 17:27:13.552 13466 13466 I System.out: y = -6.063202
02-24 17:27:13.552 13466 13466 I System.out: z = 7.6880493
02-24 17:27:13.566 13466 13466 I System.out: DateTime: Sat Feb 24 17:27:13 CST 2018
02-24 17:27:13.566 13466 13466 I System.out: x = 0.027008057
02-24 17:27:13.566 13466 13466 I System.out: y = -6.0870056
02-24 17:27:13.566 13466 13466 I System.out: z = 7.7070923
02-24 17:27:13.571 13466 13466 I System.out: DateTime: Sat Feb 24 17:27:13 CST 2018
02-24 17:27:13.571 13466 13466 I System.out: x = 0.029388428
02-24 17:27:13.571 13466 13466 I System.out: y = -6.139374
02-24 17:27:13.571 13466 13466 I System.out: z = 7.6832886
02-24 17:27:13.583 13466 13466 I System.out: DateTime: Sat Feb 24 17:27:13 CST 2018
02-24 17:27:13.583 13466 13466 I System.out: x = -0.0039367676
02-24 17:27:13.583 13466 13466 I System.out: y = -6.1750793
02-24 17:27:13.583 13466 13466 I System.out: z = 7.6428223
02-24 17:27:13.596 13466 13466 I System.out: DateTime: Sat Feb 24 17:27:13 CST 2018
02-24 17:27:13.597 13466 13466 I System.out: x = 0.038909912
02-24 17:27:13.597 13466 13466 I System.out: y = -6.256012
02-24 17:27:13.597 13466 13466 I System.out: z = 7.595215
02-24 17:27:13.601 13466 13466 I System.out: DateTime: Sat Feb 24 17:27:13 CST 2018
02-24 17:27:13.601 13466 13466 I System.out: x = 0.041290283
02-24 17:27:13.601 13466 13466 I System.out: y = -6.2393494
02-24 17:27:13.601 13466 13466 I System.out: z = 7.5595093
02-24 17:27:13.615 13466 13466 I System.out: DateTime: Sat Feb 24 17:27:13 CST 2018
02-24 17:27:13.615 13466 13466 I System.out: x = 0.112701416
02-24 17:27:13.615 13466 13466 I System.out: y = -6.139374
02-24 17:27:13.615 13466 13466 I System.out: z = 7.507141
02-24 17:27:13.621 13466 13466 I System.out: DateTime: Sat Feb 24 17:27:13 CST 2018
02-24 17:27:13.621 13466 13466 I System.out: x = 0.20553589
02-24 17:27:13.621 13466 13466 I System.out: y = -5.9822693
02-24 17:27:13.621 13466 13466 I System.out: z = 7.718994
02-24 17:27:13.632 13466 13466 I System.out: DateTime: Sat Feb 24 17:27:13 CST 2018
02-24 17:27:13.632 13466 13466 I System.out: x = 0.12460327
02-24 17:27:13.633 13466 13466 I System.out: y = -6.1774597
02-24 17:27:13.633 13466 13466 I System.out: z = 7.749939
02-24 17:27:13.641 13466 13466 I System.out: DateTime: Sat Feb 24 17:27:13 CST 2018
02-24 17:27:13.642 13466 13466 I System.out: x = 0.09841919
02-24 17:27:13.643 13466 13466 I System.out: y = -6.1369934
02-24 17:27:13.643 13466 13466 I System.out: z = 7.6499634
02-24 17:27:13.651 13466 13466 I System.out: DateTime: Sat Feb 24 17:27:13 CST 2018
02-24 17:27:13.651 13466 13466 I System.out: x = 0.007965088
02-24 17:27:13.651 13466 13466 I System.out: y = -6.0941467
02-24 17:27:13.651 13466 13466 I System.out: z = 7.62854
02-24 17:27:13.666 13466 13466 I System.out: DateTime: Sat Feb 24 17:27:13 CST 2018
02-24 17:27:13.666 13466 13466 I System.out: x = 0.038909912
