02-24 15:11:58.397   588   896 I chatty  : uid=1000(system) LazyTaskWriterT expire 10 lines
02-24 15:12:12.092   588   872 I chatty  : uid=1000(system) ConnectivitySer expire 11 lines
02-24 15:12:27.190  1124  1124 V DreamService[AmbientDream]: onBind() intent = Intent { act=android.service.dreams.DreamService flg=0x800000 cmp=com.google.android.wearable.ambient/.AmbientDream }
02-24 15:12:27.233  1124  1124 V DreamService[AmbientDream]: Calling onDreamingStarted()
02-24 15:12:49.386  1124  1124 V DreamService[AmbientDream]: wakeUp(): fromSystem=true, mWaking=false, mFinished=false
02-24 15:12:49.386  1124  1124 V DreamService[AmbientDream]: finish(): mFinished=false
02-24 15:12:49.387   588  1729 I chatty  : uid=1000(system) Binder:588_D expire 3 lines
02-24 15:12:49.394  1124  1124 V DreamService[AmbientDream]: detach(): Calling onDreamingStopped()
02-24 15:12:49.412  1124  1124 V DreamService[AmbientDream]: onDestroy()
02-24 15:12:49.771   588  3268 I chatty  : uid=1000(system) Binder:588_11 expire 1 line
02-24 15:12:53.602   588   868 I chatty  : uid=1000(system) WifiService expire 3 lines
02-24 15:12:57.356   588  1250 I chatty  : uid=1000(system) Binder:588_A expire 4 lines
02-24 15:13:45.128  1124  1124 V DreamService[AmbientDream]: onBind() intent = Intent { act=android.service.dreams.DreamService flg=0x800000 cmp=com.google.android.wearable.ambient/.AmbientDream }
02-24 15:13:45.158  1124  1124 V DreamService[AmbientDream]: Calling onDreamingStarted()
02-24 15:13:45.245   588   617 I chatty  : uid=1000(system) android.display expire 14 lines
02-24 15:13:45.499   588   588 I chatty  : uid=1000 system_server expire 9 lines
02-24 15:13:45.659   588   613 I chatty  : uid=1000(system) batterystats-sy expire 8 lines
02-24 15:14:34.858  1124  1124 V DreamService[AmbientDream]: wakeUp(): fromSystem=true, mWaking=false, mFinished=false
02-24 15:14:34.858  1124  1124 V DreamService[AmbientDream]: finish(): mFinished=false
02-24 15:14:34.873  1124  1124 V DreamService[AmbientDream]: detach(): Calling onDreamingStopped()
02-24 15:14:34.897  1124  1124 V DreamService[AmbientDream]: onDestroy()
02-24 15:14:40.011   588  3168 I chatty  : uid=1000(system) Binder:588_10 expire 1 line
02-24 15:14:42.979   588  4063 I chatty  : uid=1000(system) Binder:588_14 expire 3 lines
02-24 15:14:51.113   588   872 I chatty  : uid=1000(system) ConnectivitySer expire 15 lines
02-24 15:14:54.807   588  1249 I chatty  : uid=1000(system) Binder:588_9 expire 1 line
02-24 15:15:27.948  1124  1124 V DreamService[AmbientDream]: onBind() intent = Intent { act=android.service.dreams.DreamService flg=0x800000 cmp=com.google.android.wearable.ambient/.AmbientDream }
02-24 15:15:27.957   588   926 I chatty  : uid=1000(system) Binder:588_3 expire 1 line
02-24 15:15:27.992  1124  1124 V DreamService[AmbientDream]: Calling onDreamingStarted()
02-24 15:15:33.004  1124  1124 V DreamService[AmbientDream]: wakeUp(): fromSystem=true, mWaking=false, mFinished=false
02-24 15:15:33.004  1124  1124 V DreamService[AmbientDream]: finish(): mFinished=false
02-24 15:15:33.004   588  1240 I chatty  : uid=1000(system) Binder:588_7 expire 1 line
02-24 15:15:33.010  1124  1124 V DreamService[AmbientDream]: detach(): Calling onDreamingStopped()
02-24 15:15:33.032  1124  1124 V DreamService[AmbientDream]: onDestroy()
02-24 15:15:38.298   588   607 I chatty  : uid=1000(system) Binder:588_1 expire 1 line
02-24 15:15:46.042   588   896 I chatty  : uid=1000(system) LazyTaskWriterT expire 1 line
02-24 15:15:53.219   980  1907 I chatty  : uid=1000(system) PhoneTimeSyncer expire 2 lines
02-24 15:15:54.700   588  1732 I chatty  : uid=1000(system) Binder:588_F expire 3 lines
02-24 15:15:56.331   588   878 I chatty  : uid=1000(system) onProviders.ECP expire 4 lines
02-24 15:15:57.244   588  3168 I chatty  : uid=1000(system) Binder:588_10 expire 1 line
02-24 15:15:57.268   588   609 I chatty  : uid=1000(system) android.bg expire 1 line
02-24 15:15:57.395   980  9812 I chatty  : uid=1000(system) com.google.android.apps.wearable.settings expire 1 line
02-24 15:15:57.396   980   980 I chatty  : uid=1000(system) com.google.android.apps.wearable.settings expire 11 lines
02-24 15:15:57.737   588  1242 I chatty  : uid=1000(system) Binder:588_8 expire 3 lines
02-24 15:15:58.273   588   896 I chatty  : uid=1000(system) LazyTaskWriterT expire 11 lines
02-24 15:15:58.485   588  1240 I chatty  : uid=1000(system) Binder:588_7 expire 1 line
02-24 15:15:59.733   588  1729 I chatty  : uid=1000(system) Binder:588_D expire 4 lines
02-24 15:16:00.056   588  1222 I chatty  : uid=1000(system) Binder:588_6 expire 1 line
02-24 15:16:02.102   588   613 I chatty  : uid=1000(system) batterystats-sy expire 9 lines
02-24 15:16:08.351   588   926 I chatty  : uid=1000(system) Binder:588_3 expire 4 lines
02-24 15:16:13.356   588   610 I chatty  : uid=1000(system) ActivityManager expire 1 line
02-24 15:16:14.504   588   608 I chatty  : uid=1000(system) Binder:588_2 expire 1 line
02-24 15:16:18.836   588  4061 I chatty  : uid=1000(system) Binder:588_13 expire 1 line
02-24 15:16:19.532   588   985 I chatty  : uid=1000(system) Binder:588_4 expire 3 lines
02-24 15:16:32.054   588  1250 I chatty  : uid=1000(system) Binder:588_A expire 1 line
02-24 15:16:32.168   588  1730 I chatty  : uid=1000(system) Binder:588_E expire 1 line
02-24 15:16:32.190   588   872 I chatty  : uid=1000(system) ConnectivitySer expire 15 lines
02-24 15:16:37.070   588  3825 I chatty  : uid=1000(system) Binder:588_12 expire 1 line
02-24 15:17:13.191   588   588 I chatty  : uid=1000 system_server expire 6 lines
02-24 15:17:18.326   588  1251 I chatty  : uid=1000(system) Binder:588_B expire 1 line
02-24 15:17:28.312   588  1222 I chatty  : uid=1000(system) Binder:588_6 expire 1 line
02-24 15:17:30.869   980   980 W ContextImpl: Calling a method in the system process without a qualified user: android.app.ContextImpl.bindService:1421 android.content.ContextWrapper.bindService:636 com.google.android.wearable.compat.WearableActivityController.onCreate:134 android.support.wearable.activity.WearableActivityDelegate.onCreate:36 android.support.wearable.activity.WearableActivity.onCreate:53 
02-24 15:17:30.926   588  1249 I chatty  : uid=1000(system) Binder:588_9 expire 1 line
02-24 15:17:32.473   588   872 I chatty  : uid=1000(system) ConnectivitySer expire 12 lines
02-24 15:17:38.716   588   588 I chatty  : uid=1000 system_server expire 1 line
02-24 15:17:39.235   588   868 I chatty  : uid=1000(system) WifiService expire 3 lines
02-24 15:17:39.559   980 10045 W ContextImpl: Calling a method in the system process without a qualified user: android.app.ContextImpl.sendBroadcast:877 android.content.ContextWrapper.sendBroadcast:421 com.google.android.clockwork.settings.connectivity.wifi.AccessPointPreference.onAccessPointChanged:61 com.android.settingslib.wifi.AccessPoint.update:733 com.android.settingslib.wifi.WifiTracker.updateAccessPoints:388 
02-24 15:17:40.646   588   869 I chatty  : uid=1000(system) WifiStateMachin expire 1 line
02-24 15:17:40.791   588   588 I chatty  : uid=1000 system_server expire 1 line
02-24 15:17:40.791   588   872 I chatty  : uid=1000(system) ConnectivitySer expire 4 lines
02-24 15:17:44.030   588  1222 I chatty  : uid=1000(system) Binder:588_6 expire 1 line
02-24 15:17:44.944   588   588 I chatty  : uid=1000 system_server expire 1 line
02-24 15:17:45.460   588  1732 I chatty  : uid=1000(system) Binder:588_F expire 1 line
02-24 15:17:47.204   588   872 I chatty  : uid=1000(system) ConnectivitySer expire 8 lines
02-24 15:17:48.651   588  3825 I chatty  : uid=1000(system) Binder:588_12 expire 1 line
02-24 15:17:52.683   588  1249 I chatty  : uid=1000(system) Binder:588_9 expire 2 lines
02-24 15:18:09.086   588   619 I chatty  : uid=1000(system) PowerManagerSer expire 3 lines
02-24 15:18:09.112   588   615 I chatty  : uid=1000(system) android.fg expire 1 line
02-24 15:18:09.242  1124  1124 V DreamService[AmbientDream]: onBind() intent = Intent { act=android.service.dreams.DreamService flg=0x800000 cmp=com.google.android.wearable.ambient/.AmbientDream }
02-24 15:18:09.279   588  1728 I chatty  : uid=1000(system) Binder:588_C expire 1 line
02-24 15:18:09.327  1124  1124 V DreamService[AmbientDream]: Calling onDreamingStarted()
02-24 15:18:09.357   588   872 I chatty  : uid=1000(system) ConnectivitySer expire 1 line
02-24 15:18:09.522   588   617 I chatty  : uid=1000(system) android.display expire 8 lines
02-24 15:18:11.325   588   756 I chatty  : uid=1000(system) InputReader expire 2 lines
02-24 15:18:11.407   588   619 I chatty  : uid=1000(system) PowerManagerSer expire 1 line
02-24 15:18:11.408  1124  1124 V DreamService[AmbientDream]: wakeUp(): fromSystem=true, mWaking=false, mFinished=false
02-24 15:18:11.408  1124  1124 V DreamService[AmbientDream]: finish(): mFinished=false
02-24 15:18:11.409   588  3168 I chatty  : uid=1000(system) Binder:588_10 expire 1 line
02-24 15:18:11.409   588   615 I chatty  : uid=1000(system) android.fg expire 1 line
02-24 15:18:11.416  1124  1124 V DreamService[AmbientDream]: detach(): Calling onDreamingStopped()
02-24 15:18:11.432  1124  1124 V DreamService[AmbientDream]: onDestroy()
02-24 15:18:12.109   588   610 I chatty  : uid=1000(system) ActivityManager expire 1 line
02-24 15:18:12.737   588  1250 I chatty  : uid=1000(system) Binder:588_A expire 1 line
02-24 15:18:14.240   588   756 I chatty  : uid=1000(system) InputReader expire 4 lines
02-24 15:18:15.807   588  1093 I chatty  : uid=1000(system) Binder:588_5 expire 2 lines
02-24 15:18:16.812   588   872 I chatty  : uid=1000(system) ConnectivitySer expire 7 lines
02-24 15:18:18.237   588   869 I chatty  : uid=1000(system) WifiStateMachin expire 1 line
02-24 15:18:19.219   588  1249 I chatty  : uid=1000(system) Binder:588_9 expire 2 lines
02-24 15:18:19.300   980   980 W ContextImpl: Calling a method in the system process without a qualified user: android.app.ContextImpl.bindService:1421 android.content.ContextWrapper.bindService:636 com.google.android.wearable.compat.WearableActivityController.onCreate:134 android.support.wearable.activity.WearableActivityDelegate.onCreate:36 android.support.wearable.activity.WearableActivity.onCreate:53 
02-24 15:18:20.019   588   896 I chatty  : uid=1000(system) LazyTaskWriterT expire 6 lines
02-24 15:18:20.517   588  1251 I chatty  : uid=1000(system) Binder:588_B expire 3 lines
02-24 15:18:20.563   980   980 W ContextImpl: Calling a method in the system process without a qualified user: android.app.ContextImpl.bindService:1421 android.content.ContextWrapper.bindService:636 com.google.android.wearable.compat.WearableActivityController.onCreate:134 android.support.wearable.activity.WearableActivityDelegate.onCreate:36 android.support.wearable.activity.WearableActivity.onCreate:53 
02-24 15:18:28.263   588   868 I chatty  : uid=1000(system) WifiService expire 1 line
02-24 15:18:45.409   588   613 I chatty  : uid=1000(system) batterystats-sy expire 5 lines
02-24 15:18:58.901   588  3168 I chatty  : uid=1000(system) Binder:588_10 expire 1 line
02-24 15:18:58.934   980   980 W ContextImpl: Calling a method in the system process without a qualified user: android.app.ContextImpl.bindService:1421 android.content.ContextWrapper.bindService:636 com.google.android.wearable.compat.WearableActivityController.onCreate:134 android.support.wearable.activity.WearableActivityDelegate.onCreate:36 android.support.wearable.activity.WearableActivity.onCreate:53 
02-24 15:19:06.411   980   980 W ContextImpl: Calling a method in the system process without a qualified user: android.app.ContextImpl.startService:1357 android.content.ContextWrapper.startService:613 com.google.android.clockwork.settings.AdbUtil.setAdbBluetoothTargetServiceRunning:271 com.google.android.clockwork.settings.AdbUtil.activateMode:121 com.google.android.clockwork.settings.AdbUtil.toggleBluetoothDebugging:61 
02-24 15:19:25.401   588   588 I chatty  : uid=1000 system_server expire 1 line
02-24 15:19:43.735   588   619 I chatty  : uid=1000(system) PowerManagerSer expire 4 lines
02-24 15:19:43.739   588   615 I chatty  : uid=1000(system) android.fg expire 2 lines
02-24 15:19:43.773  1124  1124 V DreamService[AmbientDream]: onBind() intent = Intent { act=android.service.dreams.DreamService flg=0x800000 cmp=com.google.android.wearable.ambient/.AmbientDream }
02-24 15:19:43.780   588   608 I chatty  : uid=1000(system) Binder:588_2 expire 1 line
02-24 15:19:43.805  1124  1124 V DreamService[AmbientDream]: Calling onDreamingStarted()
02-24 15:19:43.896   588   617 I chatty  : uid=1000(system) android.display expire 6 lines
02-24 15:19:45.099  1124  1124 V DreamService[AmbientDream]: wakeUp(): fromSystem=true, mWaking=false, mFinished=false
02-24 15:19:45.099  1124  1124 V DreamService[AmbientDream]: finish(): mFinished=false
02-24 15:19:45.102  1124  1124 V DreamService[AmbientDream]: detach(): Calling onDreamingStopped()
02-24 15:19:45.168  1124  1124 V DreamService[AmbientDream]: onDestroy()
02-24 15:19:50.783   980   980 W ContextImpl: Calling a method in the system process without a qualified user: android.app.ContextImpl.bindService:1421 android.content.ContextWrapper.bindService:636 com.google.android.wearable.compat.WearableActivityController.onCreate:134 android.support.wearable.activity.WearableActivityDelegate.onCreate:36 android.support.wearable.activity.WearableActivity.onCreate:53 
02-24 15:19:53.169   588  1732 I chatty  : uid=1000(system) Binder:588_F expire 1 line
02-24 15:19:53.210   980   980 W ContextImpl: Calling a method in the system process without a qualified user: android.app.ContextImpl.bindService:1421 android.content.ContextWrapper.bindService:636 com.google.android.wearable.compat.WearableActivityController.onCreate:134 android.support.wearable.activity.WearableActivityDelegate.onCreate:36 android.support.wearable.activity.WearableActivity.onCreate:53 
02-24 15:19:53.354   588   616 I chatty  : uid=1000(system) android.io expire 3 lines
02-24 15:19:53.380   588  1730 I chatty  : uid=1000(system) Binder:588_E expire 4 lines
02-24 15:19:56.759   980   980 W ContextImpl: Calling a method in the system process without a qualified user: android.app.ContextImpl.bindService:1421 android.content.ContextWrapper.bindService:636 com.google.android.wearable.compat.WearableActivityController.onCreate:134 android.support.wearable.activity.WearableActivityDelegate.onCreate:36 android.support.wearable.activity.WearableActivity.onCreate:53 
02-24 15:19:56.806   588   607 I chatty  : uid=1000(system) Binder:588_1 expire 4 lines
02-24 15:19:56.809   588   616 I chatty  : uid=1000(system) android.io expire 1 line
02-24 15:19:59.774   588   896 I chatty  : uid=1000(system) LazyTaskWriterT expire 2 lines
02-24 15:20:43.744   980   980 W ContextImpl: Calling a method in the system process without a qualified user: android.app.ContextImpl.startActivity:767 android.content.ContextWrapper.startActivity:356 android.content.ContextWrapper.startActivity:356 com.google.android.clockwork.settings.connectivity.bluetooth.BluetoothPairingRequestReceiver.onReceive:81 android.app.ActivityThread.handleReceiver:3040 
02-24 15:20:43.746   980   980 W ContextImpl: Calling a method in the system process without a qualified user: android.app.ContextImpl.startActivity:779 android.app.ContextImpl.startActivity:768 android.content.ContextWrapper.startActivity:356 android.content.ContextWrapper.startActivity:356 com.google.android.clockwork.settings.connectivity.bluetooth.BluetoothPairingRequestReceiver.onReceive:81 
02-24 15:20:43.798   588   616 I chatty  : uid=1000(system) android.io expire 2 lines
02-24 15:20:43.834   980   980 W ContextImpl: Calling a method in the system process without a qualified user: android.app.ContextImpl.bindService:1421 android.content.ContextWrapper.bindService:636 com.google.android.wearable.compat.WearableActivityController.onCreate:134 android.support.wearable.activity.WearableActivityDelegate.onCreate:36 android.support.wearable.activity.WearableActivity.onCreate:53 
02-24 15:20:46.637   588  1222 I chatty  : uid=1000(system) Binder:588_6 expire 1 line
02-24 15:20:51.186   980   980 W ContextImpl: Calling a method in the system process without a qualified user: android.app.ContextImpl.startService:1357 android.content.ContextWrapper.startService:613 android.content.ContextWrapper.startService:613 com.google.android.clockwork.settings.connectivity.BluetoothConnectionStateChangeReceiver.onReceive:29 android.app.ActivityThread.handleReceiver:3040 
02-24 15:20:56.543   588   619 I chatty  : uid=1000(system) PowerManagerSer expire 7 lines
02-24 15:20:56.546   588   615 I chatty  : uid=1000(system) android.fg expire 3 lines
02-24 15:20:56.576  1124  1124 V DreamService[AmbientDream]: onBind() intent = Intent { act=android.service.dreams.DreamService flg=0x800000 cmp=com.google.android.wearable.ambient/.AmbientDream }
02-24 15:20:56.578  1124  1124 V DreamService[AmbientDream]: Calling onDreamingStarted()
02-24 15:20:56.653   588   617 I chatty  : uid=1000(system) android.display expire 8 lines
02-24 15:21:07.923   588   756 I chatty  : uid=1000(system) InputReader expire 2 lines
02-24 15:21:08.061  1124  1124 V DreamService[AmbientDream]: wakeUp(): fromSystem=true, mWaking=false, mFinished=false
02-24 15:21:08.061  1124  1124 V DreamService[AmbientDream]: finish(): mFinished=false
02-24 15:21:08.061   588  1732 I chatty  : uid=1000(system) Binder:588_F expire 1 line
02-24 15:21:08.065  1124  1124 V DreamService[AmbientDream]: detach(): Calling onDreamingStopped()
02-24 15:21:08.074  1124  1124 V DreamService[AmbientDream]: onDestroy()
02-24 15:21:13.932  1124  1124 V DreamService[AmbientDream]: onBind() intent = Intent { act=android.service.dreams.DreamService flg=0x800000 cmp=com.google.android.wearable.ambient/.AmbientDream }
02-24 15:21:13.935  1124  1124 V DreamService[AmbientDream]: Calling onDreamingStarted()
02-24 15:21:14.147   588   617 I chatty  : uid=1000(system) android.display expire 2 lines
02-24 15:21:47.627   588   756 I chatty  : uid=1000(system) InputReader expire 2 lines
02-24 15:21:47.728   588   619 I chatty  : uid=1000(system) PowerManagerSer expire 2 lines
02-24 15:21:47.729  1124  1124 V DreamService[AmbientDream]: wakeUp(): fromSystem=true, mWaking=false, mFinished=false
02-24 15:21:47.729  1124  1124 V DreamService[AmbientDream]: finish(): mFinished=false
02-24 15:21:47.729   588  4061 I chatty  : uid=1000(system) Binder:588_13 expire 1 line
02-24 15:21:47.731   588   615 I chatty  : uid=1000(system) android.fg expire 2 lines
02-24 15:21:47.737  1124  1124 V DreamService[AmbientDream]: detach(): Calling onDreamingStopped()
02-24 15:21:47.764  1124  1124 V DreamService[AmbientDream]: onDestroy()
02-24 15:21:53.667   588   619 I chatty  : uid=1000(system) PowerManagerSer expire 3 lines
02-24 15:21:53.699  1124  1124 V DreamService[AmbientDream]: onBind() intent = Intent { act=android.service.dreams.DreamService flg=0x800000 cmp=com.google.android.wearable.ambient/.AmbientDream }
02-24 15:21:53.702  1124  1124 V DreamService[AmbientDream]: Calling onDreamingStarted()
02-24 15:21:53.778   588   617 I chatty  : uid=1000(system) android.display expire 4 lines
02-24 15:22:06.413   588   756 I chatty  : uid=1000(system) InputReader expire 1 line
02-24 15:22:06.527  1124  1124 V DreamService[AmbientDream]: wakeUp(): fromSystem=true, mWaking=false, mFinished=false
02-24 15:22:06.527  1124  1124 V DreamService[AmbientDream]: finish(): mFinished=false
02-24 15:22:06.527   588  1732 I chatty  : uid=1000(system) Binder:588_F expire 1 line
02-24 15:22:06.528   588   615 I chatty  : uid=1000(system) android.fg expire 1 line
02-24 15:22:06.531  1124  1124 V DreamService[AmbientDream]: detach(): Calling onDreamingStopped()
02-24 15:22:06.566  1124  1124 V DreamService[AmbientDream]: onDestroy()
02-24 15:22:07.576   588   756 I chatty  : uid=1000(system) InputReader expire 1 line
02-24 15:22:09.092   588  1093 I chatty  : uid=1000(system) Binder:588_5 expire 1 line
02-24 15:22:09.177   980   980 W ContextImpl: Calling a method in the system process without a qualified user: android.app.ContextImpl.bindService:1421 android.content.ContextWrapper.bindService:636 com.google.android.wearable.compat.WearableActivityController.onCreate:134 android.support.wearable.activity.WearableActivityDelegate.onCreate:36 android.support.wearable.activity.WearableActivity.onCreate:53 
02-24 15:22:11.230   588  1242 I chatty  : uid=1000(system) Binder:588_8 expire 2 lines
02-24 15:22:11.271   980   980 W ContextImpl: Calling a method in the system process without a qualified user: android.app.ContextImpl.bindService:1421 android.content.ContextWrapper.bindService:636 com.google.android.wearable.compat.WearableActivityController.onCreate:134 android.support.wearable.activity.WearableActivityDelegate.onCreate:36 android.support.wearable.activity.WearableActivity.onCreate:53 
02-24 15:22:12.326   980   980 W ContextImpl: Calling a method in the system process without a qualified user: android.app.ContextImpl.bindService:1421 android.content.ContextWrapper.bindService:636 com.google.android.wearable.compat.WearableActivityController.onCreate:134 android.support.wearable.activity.WearableActivityDelegate.onCreate:36 android.support.wearable.activity.WearableActivity.onCreate:53 
02-24 15:22:12.379   588   588 I chatty  : uid=1000 system_server expire 1 line
02-24 15:22:12.384   588  1242 I chatty  : uid=1000(system) Binder:588_8 expire 1 line
02-24 15:22:13.314   588   896 I chatty  : uid=1000(system) LazyTaskWriterT expire 2 lines
02-24 15:22:14.504   588   613 I chatty  : uid=1000(system) batterystats-sy expire 5 lines
02-24 15:22:15.258   588  1730 I chatty  : uid=1000(system) Binder:588_E expire 1 line
02-24 15:22:15.289   588   872 I chatty  : uid=1000(system) ConnectivitySer expire 10 lines
02-24 15:22:15.318   980   980 W ContextImpl: Calling a method in the system process without a qualified user: android.app.ContextImpl.bindService:1421 android.content.ContextWrapper.bindService:636 com.google.android.wearable.compat.WearableActivityController.onCreate:134 android.support.wearable.activity.WearableActivityDelegate.onCreate:36 android.support.wearable.activity.WearableActivity.onCreate:53 
02-24 15:22:15.363   588  1249 I chatty  : uid=1000(system) Binder:588_9 expire 1 line
02-24 15:22:19.121   588   868 I chatty  : uid=1000(system) WifiService expire 5 lines
02-24 15:22:19.352   980 10262 W ContextImpl: Calling a method in the system process without a qualified user: android.app.ContextImpl.sendBroadcast:877 android.content.ContextWrapper.sendBroadcast:421 com.google.android.clockwork.settings.connectivity.wifi.AccessPointPreference.onAccessPointChanged:61 com.android.settingslib.wifi.AccessPoint.update:733 com.android.settingslib.wifi.WifiTracker.updateAccessPoints:388 
02-24 15:22:19.732   588   869 I chatty  : uid=1000(system) WifiStateMachin expire 2 lines
02-24 15:22:19.947   980   980 W ContextImpl: Calling a method in the system process without a qualified user: android.app.ContextImpl.sendBroadcast:877 android.content.ContextWrapper.sendBroadcast:421 com.google.android.clockwork.settings.connectivity.wifi.AccessPointPreference.maybeMoveToTop:140 com.google.android.clockwork.settings.connectivity.wifi.AccessPointPreference.updateSummary:115 com.google.android.clockwork.settings.connectivity.wifi.AccessPointPreference.onBindView:80 
02-24 15:23:14.758   980 10262 W ContextImpl: Calling a method in the system process without a qualified user: android.app.ContextImpl.sendBroadcast:877 android.content.ContextWrapper.sendBroadcast:421 com.google.android.clockwork.settings.connectivity.wifi.AccessPointPreference.onAccessPointChanged:61 com.android.settingslib.wifi.AccessPoint.update:733 com.android.settingslib.wifi.WifiTracker.updateAccessPoints:388 
02-24 15:23:14.867   588   872 I chatty  : uid=1000(system) ConnectivitySer expire 1 line
02-24 15:23:44.342   588   619 I chatty  : uid=1000(system) PowerManagerSer expire 3 lines
02-24 15:23:44.346   588   615 I chatty  : uid=1000(system) android.fg expire 1 line
02-24 15:23:44.377  1124  1124 V DreamService[AmbientDream]: onBind() intent = Intent { act=android.service.dreams.DreamService flg=0x800000 cmp=com.google.android.wearable.ambient/.AmbientDream }
02-24 15:23:44.386   588   926 I chatty  : uid=1000(system) Binder:588_3 expire 1 line
02-24 15:23:44.410  1124  1124 V DreamService[AmbientDream]: Calling onDreamingStarted()
02-24 15:23:44.428   588   872 I chatty  : uid=1000(system) ConnectivitySer expire 1 line
02-24 15:23:44.495   588   617 I chatty  : uid=1000(system) android.display expire 6 lines
02-24 15:23:46.221   588   756 I chatty  : uid=1000(system) InputReader expire 1 line
02-24 15:23:46.456   588   619 I chatty  : uid=1000(system) PowerManagerSer expire 1 line
02-24 15:23:46.456  1124  1124 V DreamService[AmbientDream]: wakeUp(): fromSystem=true, mWaking=false, mFinished=false
02-24 15:23:46.456  1124  1124 V DreamService[AmbientDream]: finish(): mFinished=false
02-24 15:23:46.457   588  3825 I chatty  : uid=1000(system) Binder:588_12 expire 1 line
02-24 15:23:46.458   588   615 I chatty  : uid=1000(system) android.fg expire 1 line
02-24 15:23:46.461  1124  1124 V DreamService[AmbientDream]: detach(): Calling onDreamingStopped()
02-24 15:23:46.474  1124  1124 V DreamService[AmbientDream]: onDestroy()
02-24 15:23:46.585   588  3268 I chatty  : uid=1000(system) Binder:588_11 expire 5 lines
02-24 15:23:48.446   588   756 I chatty  : uid=1000(system) InputReader expire 2 lines
02-24 15:23:48.484   588   872 I chatty  : uid=1000(system) ConnectivitySer expire 10 lines
02-24 15:23:49.604   588   896 I chatty  : uid=1000(system) LazyTaskWriterT expire 9 lines
02-24 15:23:51.381   588  1240 I chatty  : uid=1000(system) Binder:588_7 expire 2 lines
02-24 15:23:52.961   588  1250 I chatty  : uid=1000(system) Binder:588_A expire 2 lines
02-24 15:23:53.004   980   980 W ContextImpl: Calling a method in the system process without a qualified user: android.app.ContextImpl.bindService:1421 android.content.ContextWrapper.bindService:636 com.google.android.wearable.compat.WearableActivityController.onCreate:134 android.support.wearable.activity.WearableActivityDelegate.onCreate:36 android.support.wearable.activity.WearableActivity.onCreate:53 
02-24 15:24:01.226   588  1249 I chatty  : uid=1000(system) Binder:588_9 expire 2 lines
02-24 15:24:05.266   588  1730 I chatty  : uid=1000(system) Binder:588_E expire 2 lines
02-24 15:24:05.306   980   980 W ContextImpl: Calling a method in the system process without a qualified user: android.app.ContextImpl.bindService:1421 android.content.ContextWrapper.bindService:636 com.google.android.wearable.compat.WearableActivityController.onCreate:134 android.support.wearable.activity.WearableActivityDelegate.onCreate:36 android.support.wearable.activity.WearableActivity.onCreate:53 
02-24 15:24:10.866   588  1729 I chatty  : uid=1000(system) Binder:588_D expire 2 lines
02-24 15:24:10.907   980   980 W ContextImpl: Calling a method in the system process without a qualified user: android.app.ContextImpl.bindService:1421 android.content.ContextWrapper.bindService:636 com.google.android.wearable.compat.WearableActivityController.onCreate:134 android.support.wearable.activity.WearableActivityDelegate.onCreate:36 android.support.wearable.activity.WearableActivity.onCreate:53 
02-24 15:24:14.773   980   980 W ContextImpl: Calling a method in the system process without a qualified user: android.app.ContextImpl.sendBroadcast:877 android.content.ContextWrapper.sendBroadcast:421 com.google.android.clockwork.settings.AmbientModeUtil.syncAmbientEnabled:9 com.google.android.clockwork.settings.display.DisplaySettingsFragment.-com_google_android_clockwork_settings_display_DisplaySettingsFragment_lambda$2:49 com.google.android.clockwork.settings.display.DisplaySettingsFragment$-void_initAlwaysOnScreen_android_support_wearable_preference_AcceptDenySwitchPreference_pref_LambdaImpl0.onPreferenceChange:-1 
02-24 15:24:18.499   588   588 I chatty  : uid=1000 system_server expire 4 lines
02-24 15:24:18.537   588   613 I chatty  : uid=1000(system) batterystats-sy expire 10 lines
02-24 15:24:20.547   588  1732 I chatty  : uid=1000(system) Binder:588_F expire 1 line
02-24 15:24:20.579   980   980 W ContextImpl: Calling a method in the system process without a qualified user: android.app.ContextImpl.bindService:1421 android.content.ContextWrapper.bindService:636 com.google.android.wearable.compat.WearableActivityController.onCreate:134 android.support.wearable.activity.WearableActivityDelegate.onCreate:36 android.support.wearable.activity.WearableActivity.onCreate:53 
02-24 15:24:22.238   588   926 I chatty  : uid=1000(system) Binder:588_3 expire 1 line
02-24 15:24:22.239   588  4063 I chatty  : uid=1000(system) Binder:588_14 expire 2 lines
02-24 15:24:23.014   980   980 W ContextImpl: Calling a method in the system process without a qualified user: android.app.ContextImpl.bindService:1421 android.content.ContextWrapper.bindService:636 com.google.android.wearable.compat.WearableActivityController.onCreate:134 android.support.wearable.activity.WearableActivityDelegate.onCreate:36 android.support.wearable.activity.WearableActivity.onCreate:53 
02-24 15:24:24.826   588   607 I chatty  : uid=1000(system) Binder:588_1 expire 2 lines
02-24 15:24:24.870   980   980 W ContextImpl: Calling a method in the system process without a qualified user: android.app.ContextImpl.bindService:1421 android.content.ContextWrapper.bindService:636 com.google.android.wearable.compat.WearableActivityController.onCreate:134 android.support.wearable.activity.WearableActivityDelegate.onCreate:36 android.support.wearable.activity.WearableActivity.onCreate:53 
02-24 15:24:27.606   588   869 I chatty  : uid=1000(system) WifiStateMachin expire 2 lines
02-24 15:25:17.565   980   980 W ContextImpl: Calling a method in the system process without a qualified user: android.app.ContextImpl.bindService:1421 android.content.ContextWrapper.bindService:636 com.google.android.wearable.compat.WearableActivityController.onCreate:134 android.support.wearable.activity.WearableActivityDelegate.onCreate:36 android.support.wearable.activity.WearableActivity.onCreate:53 
02-24 15:25:17.626   588   616 I chatty  : uid=1000(system) android.io expire 3 lines
02-24 15:26:12.762   980   980 W ContextImpl: Calling a method in the system process without a qualified user: android.app.ContextImpl.bindService:1421 android.content.ContextWrapper.bindService:636 com.google.android.wearable.compat.WearableActivityController.onCreate:134 android.support.wearable.activity.WearableActivityDelegate.onCreate:36 android.support.wearable.activity.WearableActivity.onCreate:53 
02-24 15:26:18.523   980   980 W ContextImpl: Calling a method in the system process without a qualified user: android.app.ContextImpl.stopService:1363 android.content.ContextWrapper.stopService:618 com.google.android.clockwork.settings.AdbUtil.setAdbBluetoothTargetServiceRunning:273 com.google.android.clockwork.settings.AdbUtil.activateMode:121 com.google.android.clockwork.settings.AdbUtil.toggleBluetoothDebugging:61 
02-24 15:26:19.286   980   980 W ContextImpl: Calling a method in the system process without a qualified user: android.app.ContextImpl.stopService:1363 android.content.ContextWrapper.stopService:618 com.google.android.clockwork.settings.AdbUtil.setAdbBluetoothTargetServiceRunning:273 com.google.android.clockwork.settings.AdbUtil.activateMode:121 com.google.android.clockwork.settings.AdbUtil.toggleWifiDebugging:77 
02-24 15:26:21.110   980   980 W ContextImpl: Calling a method in the system process without a qualified user: android.app.ContextImpl.stopService:1363 android.content.ContextWrapper.stopService:618 com.google.android.clockwork.settings.AdbUtil.setAdbBluetoothTargetServiceRunning:273 com.google.android.clockwork.settings.AdbUtil.activateMode:121 com.google.android.clockwork.settings.AdbUtil.toggleWifiDebugging:77 
02-24 15:26:21.113   588   872 I chatty  : uid=1000(system) ConnectivitySer expire 1 line
02-24 15:26:21.401   588   613 I chatty  : uid=1000(system) batterystats-sy expire 6 lines
02-24 15:26:21.671   980   980 W ContextImpl: Calling a method in the system process without a qualified user: android.app.ContextImpl.startService:1357 android.content.ContextWrapper.startService:613 com.google.android.clockwork.settings.AdbUtil.setAdbBluetoothTargetServiceRunning:271 com.google.android.clockwork.settings.AdbUtil.activateMode:121 com.google.android.clockwork.settings.AdbUtil.toggleBluetoothDebugging:61 
02-24 15:26:51.117   588   588 I chatty  : uid=1000 system_server expire 1 line
02-24 15:27:26.282   588   619 I chatty  : uid=1000(system) PowerManagerSer expire 10 lines
02-24 15:27:27.883   588   617 I chatty  : uid=1000(system) android.display expire 7 lines
02-24 15:29:52.301   588   756 I chatty  : uid=1000(system) InputReader expire 11 lines
02-24 15:29:58.229   588  4061 I chatty  : uid=1000(system) Binder:588_13 expire 1 line
02-24 15:30:01.842   588   896 I chatty  : uid=1000(system) LazyTaskWriterT expire 5 lines
02-24 15:30:22.168   588  3268 I chatty  : uid=1000(system) Binder:588_11 expire 1 line
02-24 15:30:47.591   588  3168 I chatty  : uid=1000(system) Binder:588_10 expire 1 line
02-24 15:31:05.586   588   622 I chatty  : uid=1000(system) PackageManager expire 5 lines
02-24 15:31:07.608   588   610 I chatty  : uid=1000(system) ActivityManager expire 7 lines
02-24 15:31:10.579 10594 10594 W ContextImpl: Calling a method in the system process without a qualified user: android.app.ContextImpl.startService:1357 android.content.ContextWrapper.startService:613 android.content.ContextWrapper.startService:613 com.android.keychain.KeyChainBroadcastReceiver.onReceive:12 android.app.ActivityThread.handleReceiver:3040 
02-24 15:31:14.610   588  1732 I chatty  : uid=1000(system) Binder:588_F expire 2 lines
02-24 15:31:17.229   588   619 I chatty  : uid=1000(system) PowerManagerSer expire 4 lines
02-24 15:31:18.546   588  1728 I chatty  : uid=1000(system) Binder:588_C expire 1 line
02-24 15:31:19.199   588  1222 I chatty  : uid=1000(system) Binder:588_6 expire 1 line
02-24 15:31:19.426   588  1251 I chatty  : uid=1000(system) Binder:588_B expire 1 line
02-24 15:31:34.461   588   926 I chatty  : uid=1000(system) Binder:588_3 expire 5 lines
02-24 15:31:40.065   588   619 I chatty  : uid=1000(system) PowerManagerSer expire 16 lines
02-24 15:31:40.109   588   617 I chatty  : uid=1000(system) android.display expire 10 lines
02-24 15:31:40.190   588   756 I chatty  : uid=1000(system) InputReader expire 7 lines
02-24 15:31:45.318   588  3268 I chatty  : uid=1000(system) Binder:588_11 expire 2 lines
02-24 15:31:48.438   588  1093 I chatty  : uid=1000(system) Binder:588_5 expire 1 line
02-24 15:31:48.491   588  1222 I chatty  : uid=1000(system) Binder:588_6 expire 1 line
02-24 15:31:52.085   588   896 I chatty  : uid=1000(system) LazyTaskWriterT expire 1 line
02-24 15:32:05.929   588   609 I chatty  : uid=1000(system) android.bg expire 1 line
02-24 15:32:36.820   588   613 I chatty  : uid=1000(system) batterystats-sy expire 6 lines
02-24 15:35:34.525   588  1728 I chatty  : uid=1000(system) Binder:588_C expire 2 lines
02-24 15:35:40.089   588  1732 I chatty  : uid=1000(system) Binder:588_F expire 1 line
02-24 15:35:49.515   588  1251 I chatty  : uid=1000(system) Binder:588_B expire 2 lines
02-24 15:35:49.545   588   872 I chatty  : uid=1000(system) ConnectivitySer expire 11 lines
02-24 15:35:50.197   588  1250 I chatty  : uid=1000(system) Binder:588_A expire 1 line
02-24 15:35:54.112   588  4063 I chatty  : uid=1000(system) Binder:588_14 expire 3 lines
02-24 15:35:54.150   588  3168 I chatty  : uid=1000(system) Binder:588_10 expire 2 lines
02-24 15:35:54.167   588  4061 I chatty  : uid=1000(system) Binder:588_13 expire 1 line
02-24 15:35:54.171   588  1240 I chatty  : uid=1000(system) Binder:588_7 expire 1 line
02-24 15:36:19.294   588  3825 I chatty  : uid=1000(system) Binder:588_12 expire 1 line
02-24 15:36:19.347   588   619 I chatty  : uid=1000(system) PowerManagerSer expire 28 lines
02-24 15:36:19.401   588   617 I chatty  : uid=1000(system) android.display expire 13 lines
02-24 15:36:29.411   588  1093 I chatty  : uid=1000(system) Binder:588_5 expire 1 line
02-24 15:36:41.647   588   607 I chatty  : uid=1000(system) Binder:588_1 expire 1 line
02-24 15:36:59.382   588   872 I chatty  : uid=1000(system) ConnectivitySer expire 10 lines
02-24 15:36:59.530   588   926 I chatty  : uid=1000(system) Binder:588_3 expire 2 lines
02-24 15:36:59.966   588   613 I chatty  : uid=1000(system) batterystats-sy expire 6 lines
02-24 15:37:05.785   588  1249 I chatty  : uid=1000(system) Binder:588_9 expire 1 line
02-24 15:37:49.664   588   985 I chatty  : uid=1000(system) Binder:588_4 expire 1 line
02-24 15:38:10.166   588   756 I chatty  : uid=1000(system) InputReader expire 3 lines
02-24 15:38:21.197   588  4063 I chatty  : uid=1000(system) Binder:588_14 expire 1 line
02-24 15:40:13.737   588   619 I chatty  : uid=1000(system) PowerManagerSer expire 7 lines
02-24 15:40:14.330   588   617 I chatty  : uid=1000(system) android.display expire 4 lines
02-24 15:40:19.529   588   756 I chatty  : uid=1000(system) InputReader expire 3 lines
02-24 15:40:24.013   588  1730 I chatty  : uid=1000(system) Binder:588_E expire 1 line
02-24 15:40:40.046   588   610 I chatty  : uid=1000(system) ActivityManager expire 7 lines
02-24 15:40:40.703   588   622 I chatty  : uid=1000(system) PackageManager expire 4 lines
02-24 15:40:42.133 10594 10594 W ContextImpl: Calling a method in the system process without a qualified user: android.app.ContextImpl.startService:1357 android.content.ContextWrapper.startService:613 android.content.ContextWrapper.startService:613 com.android.keychain.KeyChainBroadcastReceiver.onReceive:12 android.app.ActivityThread.handleReceiver:3040 
02-24 15:40:43.470   588   896 I chatty  : uid=1000(system) LazyTaskWriterT expire 4 lines
02-24 15:40:46.558   588  1093 I chatty  : uid=1000(system) Binder:588_5 expire 2 lines
02-24 15:41:10.308   588   607 I chatty  : uid=1000(system) Binder:588_1 expire 5 lines
02-24 15:41:10.332   588  1242 I chatty  : uid=1000(system) Binder:588_8 expire 1 line
02-24 15:41:24.501   588  3168 I chatty  : uid=1000(system) Binder:588_10 expire 3 lines
02-24 15:41:27.033   588  1249 I chatty  : uid=1000(system) Binder:588_9 expire 2 lines
02-24 15:42:16.612   588   613 I chatty  : uid=1000(system) batterystats-sy expire 18 lines
02-24 15:52:00.004   588   588 I chatty  : uid=1000 system_server expire 2 lines
02-24 15:52:00.084   588  1728 I chatty  : uid=1000(system) Binder:588_C expire 1 line
02-24 15:52:00.092   588  3825 I chatty  : uid=1000(system) Binder:588_12 expire 1 line
02-24 15:52:09.629   588   613 I chatty  : uid=1000(system) batterystats-sy expire 18 lines
02-24 15:52:09.766   588   610 I chatty  : uid=1000(system) ActivityManager expire 4 lines
02-24 15:52:09.864   588  1222 I chatty  : uid=1000(system) Binder:588_6 expire 1 line
02-24 15:52:09.867   588   926 I chatty  : uid=1000(system) Binder:588_3 expire 1 line
02-24 15:58:00.329   588   609 I chatty  : uid=1000(system) android.bg expire 6 lines
02-24 15:59:28.376   588  4061 I chatty  : uid=1000(system) Binder:588_13 expire 4 lines
02-24 15:59:31.448   588   896 I chatty  : uid=1000(system) LazyTaskWriterT expire 2 lines
02-24 15:59:38.389   588   619 I chatty  : uid=1000(system) PowerManagerSer expire 6 lines
02-24 15:59:39.114   588   617 I chatty  : uid=1000(system) android.display expire 3 lines
02-24 16:07:22.374   588   608 I chatty  : uid=1000(system) Binder:588_2 expire 7 lines
02-24 16:17:44.615   588   756 I chatty  : uid=1000(system) InputReader expire 1 line
02-24 16:18:03.058   588   702 I chatty  : uid=1000(system) PackageInstalle expire 2 lines
02-24 16:18:05.160   588   622 I chatty  : uid=1000(system) PackageManager expire 4 lines
02-24 16:18:06.084   588  3268 I chatty  : uid=1000(system) Binder:588_11 expire 1 line
02-24 16:18:06.658 10594 10594 W ContextImpl: Calling a method in the system process without a qualified user: android.app.ContextImpl.startService:1357 android.content.ContextWrapper.startService:613 android.content.ContextWrapper.startService:613 com.android.keychain.KeyChainBroadcastReceiver.onReceive:12 android.app.ActivityThread.handleReceiver:3040 
02-24 16:20:00.774   588  1251 I chatty  : uid=1000(system) Binder:588_B expire 5 lines
02-24 16:20:00.882   588  1250 I chatty  : uid=1000(system) Binder:588_A expire 1 line
02-24 16:20:00.949   588  1093 I chatty  : uid=1000(system) Binder:588_5 expire 3 lines
02-24 16:20:01.309   588   607 I chatty  : uid=1000(system) Binder:588_1 expire 1 line
02-24 16:20:04.565   588   896 I chatty  : uid=1000(system) LazyTaskWriterT expire 5 lines
02-24 16:20:36.269   588   610 I chatty  : uid=1000(system) ActivityManager expire 6 lines
02-24 16:20:36.756   588   622 I chatty  : uid=1000(system) PackageManager expire 8 lines
02-24 16:20:38.113 10594 10594 W ContextImpl: Calling a method in the system process without a qualified user: android.app.ContextImpl.startService:1357 android.content.ContextWrapper.startService:613 android.content.ContextWrapper.startService:613 com.android.keychain.KeyChainBroadcastReceiver.onReceive:12 android.app.ActivityThread.handleReceiver:3040 
02-24 16:22:38.534   588   756 I chatty  : uid=1000(system) InputReader expire 2 lines
02-24 16:22:38.582   588   619 I chatty  : uid=1000(system) PowerManagerSer expire 6 lines
02-24 16:22:38.622   588   617 I chatty  : uid=1000(system) android.display expire 4 lines
02-24 16:23:05.938   588   613 I chatty  : uid=1000(system) batterystats-sy expire 3 lines
02-24 16:24:30.559   588  3168 I chatty  : uid=1000(system) Binder:588_10 expire 4 lines
02-24 16:26:16.932 10594 10594 W ContextImpl: Calling a method in the system process without a qualified user: android.app.ContextImpl.startService:1357 android.content.ContextWrapper.startService:613 android.content.ContextWrapper.startService:613 com.android.keychain.KeyChainBroadcastReceiver.onReceive:12 android.app.ActivityThread.handleReceiver:3040 
02-24 16:26:20.857   588  1728 I chatty  : uid=1000(system) Binder:588_C expire 2 lines
02-24 16:28:21.333   588   985 I chatty  : uid=1000(system) Binder:588_4 expire 4 lines
02-24 16:28:25.098   588   613 I chatty  : uid=1000(system) batterystats-sy expire 9 lines
02-24 16:28:31.346   588   619 I chatty  : uid=1000(system) PowerManagerSer expire 19 lines
02-24 16:28:31.926   588   617 I chatty  : uid=1000(system) android.display expire 10 lines
02-24 16:32:41.375   588   610 I chatty  : uid=1000(system) ActivityManager expire 3 lines
02-24 16:32:41.815   588   622 I chatty  : uid=1000(system) PackageManager expire 4 lines
02-24 16:32:43.185 10594 10594 W ContextImpl: Calling a method in the system process without a qualified user: android.app.ContextImpl.startService:1357 android.content.ContextWrapper.startService:613 android.content.ContextWrapper.startService:613 com.android.keychain.KeyChainBroadcastReceiver.onReceive:12 android.app.ActivityThread.handleReceiver:3040 
02-24 16:32:46.929   588  1729 I chatty  : uid=1000(system) Binder:588_D expire 2 lines
02-24 16:32:50.589   588   896 I chatty  : uid=1000(system) LazyTaskWriterT expire 2 lines
02-24 16:32:59.167   588   756 I chatty  : uid=1000(system) InputReader expire 9 lines
02-24 16:33:20.603   588   607 I chatty  : uid=1000(system) Binder:588_1 expire 4 lines
02-24 16:37:34.942   588  1093 I chatty  : uid=1000(system) Binder:588_5 expire 3 lines
02-24 16:37:39.175   588  1250 I chatty  : uid=1000(system) Binder:588_A expire 1 line
02-24 16:50:25.070   588   617 I DisplayManagerService: Display device changed state: "Built-in Screen", ON
02-24 16:50:25.091   588   756 I WindowManager: Suppressed redundant power key press while already in the process of turning the screen on.
02-24 16:50:25.171   588   619 I DisplayPowerController: Unblocked screen on after 125 ms
02-24 16:50:26.037   588   756 I ActivityManager: START u0 {act=android.intent.action.MAIN cat=[android.intent.category.HOME] flg=0x10200000 cmp=com.google.android.wearable.app/com.google.android.clockwork.home2.activity.HomeActivity2 (has extras)} from uid 1000 on display 0
02-24 16:50:27.078   588   613 E BatteryStatsService: no controller energy info supplied
02-24 16:50:27.080   588   613 E BatteryStatsService: no controller energy info supplied
02-24 16:50:27.080   588   613 E BatteryStatsService: no controller energy info supplied
02-24 16:50:36.036   588   619 I PowerManagerService: Going to sleep due to screen timeout (uid 1000)...
02-24 16:50:36.037   588   619 I PowerManagerService: Sleeping (uid 1000)...
02-24 16:50:36.607   588   617 I DisplayManagerService: Display device changed state: "Built-in Screen", OFF
02-24 16:50:59.039   588   756 I PowerManagerService: Waking up from sleep (uid 1000)...
02-24 16:50:59.092   588   619 I DisplayPowerController: Blocking screen on until initial contents have been drawn.
02-24 16:50:59.125   588   617 I DisplayManagerService: Display device changed state: "Built-in Screen", ON
02-24 16:50:59.154   588   756 I WindowManager: Suppressed redundant power key press while already in the process of turning the screen on.
02-24 16:50:59.224   588   619 I DisplayPowerController: Unblocked screen on after 132 ms
02-24 16:51:00.164   588   756 I ActivityManager: START u0 {act=android.intent.action.MAIN cat=[android.intent.category.HOME] flg=0x10200000 cmp=com.google.android.wearable.app/com.google.android.clockwork.home2.activity.HomeActivity2 (has extras)} from uid 1000 on display 0
02-24 16:51:08.815   588  1222 I PowerManagerService: Going to sleep due to screen timeout (uid 1000)...
02-24 16:51:08.828   588   619 I PowerManagerService: Sleeping (uid 1000)...
02-24 16:51:09.426   588   617 I DisplayManagerService: Display device changed state: "Built-in Screen", OFF
02-24 16:51:11.063   588  1222 W ActivityManager: Unable to start service Intent { act=com.google.android.gms.udc.service.START pkg=com.google.android.gms } U=0: not found
02-24 16:51:11.064   588  4063 W ActivityManager: Unbind failed: could not find connection for android.os.BinderProxy@321ae26
02-24 16:51:50.659   588   610 I ActivityManager: Force stopping com.drejkim.androidwearmotionsensors appid=10049 user=-1: installPackageLI
02-24 16:51:51.304   588   622 I PackageManager: Package com.drejkim.androidwearmotionsensors codePath changed from /data/app/com.drejkim.androidwearmotionsensors-1 to /data/app/com.drejkim.androidwearmotionsensors-2; Retaining data and using new
02-24 16:51:51.306   588   622 W PackageManager: Code path for com.drejkim.androidwearmotionsensors changing from /data/app/com.drejkim.androidwearmotionsensors-1 to /data/app/com.drejkim.androidwearmotionsensors-2
02-24 16:51:51.306   588   622 W PackageManager: Resource path for com.drejkim.androidwearmotionsensors changing from /data/app/com.drejkim.androidwearmotionsensors-1 to /data/app/com.drejkim.androidwearmotionsensors-2
02-24 16:51:52.672   588   622 I ActivityManager: Force stopping com.drejkim.androidwearmotionsensors appid=10049 user=0: pkg removed
02-24 16:51:52.904 10594 10594 W ContextImpl: Calling a method in the system process without a qualified user: android.app.ContextImpl.startService:1357 android.content.ContextWrapper.startService:613 android.content.ContextWrapper.startService:613 com.android.keychain.KeyChainBroadcastReceiver.onReceive:12 android.app.ActivityThread.handleReceiver:3040 
02-24 16:51:57.392   588  1249 I ActivityManager: START u0 {act=android.intent.action.MAIN cat=[android.intent.category.LAUNCHER] flg=0x10000000 cmp=com.drejkim.androidwearmotionsensors/.MainActivity} from uid 2000 on display 0
02-24 16:51:57.490   588  1249 I ActivityManager: Start proc 12782:com.drejkim.androidwearmotionsensors/u0a49 for activity com.drejkim.androidwearmotionsensors/.MainActivity
02-24 16:51:58.231   588   610 W ActivityManager: Activity pause timeout for ActivityRecord{c331c78 u0 com.drejkim.androidwearmotionsensors/.MainActivity t37}
02-24 16:52:01.074   588   896 E TaskPersister: File error accessing recents directory (directory doesn't exist?).
02-24 16:52:04.312   588   756 I PowerManagerService: Waking up from sleep (uid 1000)...
02-24 16:52:04.391   588   619 I DisplayPowerController: Blocking screen on until initial contents have been drawn.
02-24 16:52:04.425   588   617 I DisplayManagerService: Display device changed state: "Built-in Screen", ON
02-24 16:52:04.589   588   619 I DisplayPowerController: Unblocked screen on after 199 ms
02-24 16:52:46.173   588   613 E BatteryStatsService: no controller energy info supplied
02-24 16:52:46.217   588   613 E BatteryStatsService: no controller energy info supplied
02-24 16:52:46.217   588   613 E BatteryStatsService: no controller energy info supplied
02-24 16:54:23.259   588   613 E BatteryStatsService: no controller energy info supplied
02-24 16:54:23.259   588   613 E BatteryStatsService: no controller energy info supplied
02-24 16:54:23.259   588   613 E BatteryStatsService: no controller energy info supplied
02-24 16:55:54.392   588   613 E BatteryStatsService: no controller energy info supplied
02-24 16:55:54.392   588   613 E BatteryStatsService: no controller energy info supplied
02-24 16:55:54.392   588   613 E BatteryStatsService: no controller energy info supplied
02-24 16:56:17.022   588   610 I ProcessStatsService: Prepared write state in 98ms
02-24 16:57:25.518   588   613 E BatteryStatsService: no controller energy info supplied
02-24 16:57:25.519   588   613 E BatteryStatsService: no controller energy info supplied
02-24 16:57:25.519   588   613 E BatteryStatsService: no controller energy info supplied
